Archive member included to satisfy reference by file (symbol)

c:/program files (x86)/atmel/studio/7.0/toolchain/arm/arm-gnu-toolchain/bin/../lib/gcc/arm-none-eabi/6.3.1/thumb/v7e-m\libgcc.a(_aeabi_uldivmod.o)
                              src/oled/ssd1306.o (__aeabi_uldivmod)
c:/program files (x86)/atmel/studio/7.0/toolchain/arm/arm-gnu-toolchain/bin/../lib/gcc/arm-none-eabi/6.3.1/thumb/v7e-m\libgcc.a(_udivmoddi4.o)
                              c:/program files (x86)/atmel/studio/7.0/toolchain/arm/arm-gnu-toolchain/bin/../lib/gcc/arm-none-eabi/6.3.1/thumb/v7e-m\libgcc.a(_aeabi_uldivmod.o) (__udivmoddi4)
c:/program files (x86)/atmel/studio/7.0/toolchain/arm/arm-gnu-toolchain/bin/../lib/gcc/arm-none-eabi/6.3.1/thumb/v7e-m\libgcc.a(_dvmd_tls.o)
                              c:/program files (x86)/atmel/studio/7.0/toolchain/arm/arm-gnu-toolchain/bin/../lib/gcc/arm-none-eabi/6.3.1/thumb/v7e-m\libgcc.a(_aeabi_uldivmod.o) (__aeabi_ldiv0)
c:/program files (x86)/atmel/studio/7.0/toolchain/arm/arm-gnu-toolchain/bin/../lib/gcc/arm-none-eabi/6.3.1/../../../../arm-none-eabi/lib/thumb/v7e-m\libc.a(lib_a-exit.o)
                              c:/program files (x86)/atmel/studio/7.0/toolchain/arm/arm-gnu-toolchain/bin/../lib/gcc/arm-none-eabi/6.3.1/../../../../arm-none-eabi/lib/thumb/v7e-m/crt0.o (exit)
c:/program files (x86)/atmel/studio/7.0/toolchain/arm/arm-gnu-toolchain/bin/../lib/gcc/arm-none-eabi/6.3.1/../../../../arm-none-eabi/lib/thumb/v7e-m\libc.a(lib_a-impure.o)
                              c:/program files (x86)/atmel/studio/7.0/toolchain/arm/arm-gnu-toolchain/bin/../lib/gcc/arm-none-eabi/6.3.1/../../../../arm-none-eabi/lib/thumb/v7e-m\libc.a(lib_a-exit.o) (_global_impure_ptr)
c:/program files (x86)/atmel/studio/7.0/toolchain/arm/arm-gnu-toolchain/bin/../lib/gcc/arm-none-eabi/6.3.1/../../../../arm-none-eabi/lib/thumb/v7e-m\libc.a(lib_a-init.o)
                              c:/program files (x86)/atmel/studio/7.0/toolchain/arm/arm-gnu-toolchain/bin/../lib/gcc/arm-none-eabi/6.3.1/../../../../arm-none-eabi/lib/thumb/v7e-m/crt0.o (__libc_init_array)
c:/program files (x86)/atmel/studio/7.0/toolchain/arm/arm-gnu-toolchain/bin/../lib/gcc/arm-none-eabi/6.3.1/../../../../arm-none-eabi/lib/thumb/v7e-m\libc.a(lib_a-malloc.o)
                              src/main.o (malloc)
c:/program files (x86)/atmel/studio/7.0/toolchain/arm/arm-gnu-toolchain/bin/../lib/gcc/arm-none-eabi/6.3.1/../../../../arm-none-eabi/lib/thumb/v7e-m\libc.a(lib_a-mallocr.o)
                              c:/program files (x86)/atmel/studio/7.0/toolchain/arm/arm-gnu-toolchain/bin/../lib/gcc/arm-none-eabi/6.3.1/../../../../arm-none-eabi/lib/thumb/v7e-m\libc.a(lib_a-malloc.o) (_malloc_r)
c:/program files (x86)/atmel/studio/7.0/toolchain/arm/arm-gnu-toolchain/bin/../lib/gcc/arm-none-eabi/6.3.1/../../../../arm-none-eabi/lib/thumb/v7e-m\libc.a(lib_a-memset.o)
                              c:/program files (x86)/atmel/studio/7.0/toolchain/arm/arm-gnu-toolchain/bin/../lib/gcc/arm-none-eabi/6.3.1/../../../../arm-none-eabi/lib/thumb/v7e-m/crt0.o (memset)
c:/program files (x86)/atmel/studio/7.0/toolchain/arm/arm-gnu-toolchain/bin/../lib/gcc/arm-none-eabi/6.3.1/../../../../arm-none-eabi/lib/thumb/v7e-m\libc.a(lib_a-mlock.o)
                              c:/program files (x86)/atmel/studio/7.0/toolchain/arm/arm-gnu-toolchain/bin/../lib/gcc/arm-none-eabi/6.3.1/../../../../arm-none-eabi/lib/thumb/v7e-m\libc.a(lib_a-mallocr.o) (__malloc_lock)
c:/program files (x86)/atmel/studio/7.0/toolchain/arm/arm-gnu-toolchain/bin/../lib/gcc/arm-none-eabi/6.3.1/../../../../arm-none-eabi/lib/thumb/v7e-m\libc.a(lib_a-sbrkr.o)
                              c:/program files (x86)/atmel/studio/7.0/toolchain/arm/arm-gnu-toolchain/bin/../lib/gcc/arm-none-eabi/6.3.1/../../../../arm-none-eabi/lib/thumb/v7e-m\libc.a(lib_a-mallocr.o) (_sbrk_r)
c:/program files (x86)/atmel/studio/7.0/toolchain/arm/arm-gnu-toolchain/bin/../lib/gcc/arm-none-eabi/6.3.1/../../../../arm-none-eabi/lib/thumb/v7e-m\libc.a(lib_a-sprintf.o)
                              src/main.o (sprintf)
c:/program files (x86)/atmel/studio/7.0/toolchain/arm/arm-gnu-toolchain/bin/../lib/gcc/arm-none-eabi/6.3.1/../../../../arm-none-eabi/lib/thumb/v7e-m\libc.a(lib_a-svfprintf.o)
                              c:/program files (x86)/atmel/studio/7.0/toolchain/arm/arm-gnu-toolchain/bin/../lib/gcc/arm-none-eabi/6.3.1/../../../../arm-none-eabi/lib/thumb/v7e-m\libc.a(lib_a-sprintf.o) (_svfprintf_r)
c:/program files (x86)/atmel/studio/7.0/toolchain/arm/arm-gnu-toolchain/bin/../lib/gcc/arm-none-eabi/6.3.1/../../../../arm-none-eabi/lib/thumb/v7e-m\libc.a(lib_a-__call_atexit.o)
                              c:/program files (x86)/atmel/studio/7.0/toolchain/arm/arm-gnu-toolchain/bin/../lib/gcc/arm-none-eabi/6.3.1/../../../../arm-none-eabi/lib/thumb/v7e-m\libc.a(lib_a-exit.o) (__call_exitprocs)
[...]
Memory Configuration

Name             Origin             Length             Attributes
rom              0x00400000         0x00200000         xr
ram              0x20400000         0x00060000         xrw
*default*        0x00000000         0xffffffff

Linker script and memory map

LOAD c:/program files (x86)/atmel/studio/7.0/toolchain/arm/arm-gnu-toolchain/bin/../lib/gcc/arm-none-eabi/6.3.1/thumb/v7e-m/crti.o
LOAD c:/program files (x86)/atmel/studio/7.0/toolchain/arm/arm-gnu-toolchain/bin/../lib/gcc/arm-none-eabi/6.3.1/thumb/v7e-m/crtbegin.o
LOAD c:/program files (x86)/atmel/studio/7.0/toolchain/arm/arm-gnu-toolchain/bin/../lib/gcc/arm-none-eabi/6.3.1/../../../../arm-none-eabi/lib/thumb/v7e-m/crt0.o
LOAD src/ASF/sam/drivers/rtc/rtc.o
LOAD src/ASF/sam/drivers/rtt/rtt.o
LOAD src/ASF/sam/drivers/spi/spi.o
LOAD src/ASF/sam/drivers/tc/tc.o
LOAD src/oled/gfx_mono_framebuffer.o
LOAD src/oled/gfx_mono_generic.o
LOAD src/oled/gfx_mono_text.o
LOAD src/oled/gfx_mono_ug_2832hsweg04.o
LOAD src/oled/ssd1306.o
LOAD src/oled/sysfont.o
LOAD src/ASF/common/services/delay/sam/cycle_counter.o
LOAD src/ASF/common/services/clock/same70/sysclk.o
LOAD src/ASF/common/utils/interrupt/interrupt_sam_nvic.o
LOAD src/ASF/sam/boards/same70_xplained/init.o
LOAD src/ASF/sam/drivers/mpu/mpu.o
LOAD src/ASF/sam/drivers/pio/pio.o
LOAD src/ASF/sam/drivers/pio/pio_handler.o
LOAD src/ASF/sam/drivers/pmc/pmc.o
LOAD src/ASF/sam/drivers/pmc/sleep.o
LOAD src/ASF/sam/utils/cmsis/same70/source/templates/gcc/startup_same70.o
LOAD src/ASF/sam/utils/cmsis/same70/source/templates/system_same70.o
LOAD src/ASF/sam/utils/syscalls/gcc/syscalls.o
LOAD src/main.o
START GROUP
LOAD ../src/ASF/thirdparty/CMSIS/Lib/GCC\libarm_cortexM7lfsp_math_softfp.a
LOAD c:/program files (x86)/atmel/studio/7.0/toolchain/arm/arm-gnu-toolchain/bin/../lib/gcc/arm-none-eabi/6.3.1/../../../../arm-none-eabi/lib/thumb/v7e-m\libm.a
END GROUP
START GROUP
LOAD c:/program files (x86)/atmel/studio/7.0/toolchain/arm/arm-gnu-toolchain/bin/../lib/gcc/arm-none-eabi/6.3.1/thumb/v7e-m\libgcc.a
LOAD c:/program files (x86)/atmel/studio/7.0/toolchain/arm/arm-gnu-toolchain/bin/../lib/gcc/arm-none-eabi/6.3.1/../../../../arm-none-eabi/lib/thumb/v7e-m\libc.a
END GROUP
LOAD c:/program files (x86)/atmel/studio/7.0/toolchain/arm/arm-gnu-toolchain/bin/../lib/gcc/arm-none-eabi/6.3.1/thumb/v7e-m/crtend.o
LOAD c:/program files (x86)/atmel/studio/7.0/toolchain/arm/arm-gnu-toolchain/bin/../lib/gcc/arm-none-eabi/6.3.1/thumb/v7e-m/crtn.o
                0x00002000                STACK_SIZE = DEFINED (STACK_SIZE)?STACK_SIZE:0x2000
                0x2045fffc                __ram_end__ = ((ORIGIN (ram) + LENGTH (ram)) - 0x4)
                0x00000200                HEAP_SIZE = DEFINED (HEAP_SIZE)?HEAP_SIZE:0x200

.text           0x00400000     0x905c
                0x00400000                . = ALIGN (0x4)
                0x00400000                _sfixed = .
 *(.vectors .vectors.*)
 .vectors       0x00400000      0x140 src/ASF/sam/utils/cmsis/same70/source/templates/gcc/startup_same70.o
                0x00400000                exception_table
 *(.text .text.* .gnu.linkonce.t.*)
 .text          0x00400140       0x6c c:/program files (x86)/atmel/studio/7.0/toolchain/arm/arm-gnu-toolchain/bin/../lib/gcc/arm-none-eabi/6.3.1/thumb/v7e-m/crtbegin.o
 .text.rtc_set_hour_mode
                0x004001ac       0x36 src/ASF/sam/drivers/rtc/rtc.o
                0x004001ac                rtc_set_hour_mode
 .text.rtc_enable_interrupt
                0x004001e2       0x1c src/ASF/sam/drivers/rtc/rtc.o
                0x004001e2                rtc_enable_interrupt
 .text.rtc_get_time
                0x004001fe       0xc4 src/ASF/sam/drivers/rtc/rtc.o
                0x004001fe                rtc_get_time
 *fill*         0x004002c2        0x2 
 .text.rtc_set_time
                0x004002c4      0x108 src/ASF/sam/drivers/rtc/rtc.o
                0x004002c4                rtc_set_time
 .text.rtc_set_time_alarm
                0x004003cc      0x100 src/ASF/sam/drivers/rtc/rtc.o
                0x004003cc                rtc_set_time_alarm
 .text.rtc_get_date
                0x004004cc       0xe8 src/ASF/sam/drivers/rtc/rtc.o
                0x004004cc                rtc_get_date
 .text.rtc_set_date
                0x004005b4      0x140 src/ASF/sam/drivers/rtc/rtc.o
                0x004005b4                rtc_set_date
 .text.rtc_set_date_alarm
                0x004006f4       0xb0 src/ASF/sam/drivers/rtc/rtc.o
                0x004006f4                rtc_set_date_alarm
 .text.rtc_get_status
                0x004007a4       0x18 src/ASF/sam/drivers/rtc/rtc.o
                0x004007a4                rtc_get_status
 .text.rtc_clear_status
                0x004007bc       0x1c src/ASF/sam/drivers/rtc/rtc.o
                0x004007bc                rtc_clear_status
 .text.rtt_init
                0x004007d8       0x30 src/ASF/sam/drivers/rtt/rtt.o
                0x004007d8                rtt_init
 .text.rtt_sel_source
                0x00400808       0x58 src/ASF/sam/drivers/rtt/rtt.o
                0x00400808                rtt_sel_source
 .text.rtt_enable_interrupt
                0x00400860       0x38 src/ASF/sam/drivers/rtt/rtt.o
                0x00400860                rtt_enable_interrupt
 .text.rtt_disable_interrupt
                0x00400898       0x40 src/ASF/sam/drivers/rtt/rtt.o
                0x00400898                rtt_disable_interrupt
 .text.rtt_read_timer_value
                0x004008d8       0x2e src/ASF/sam/drivers/rtt/rtt.o
                0x004008d8                rtt_read_timer_value
 .text.rtt_get_status
                0x00400906       0x18 src/ASF/sam/drivers/rtt/rtt.o
                0x00400906                rtt_get_status
 *fill*         0x0040091e        0x2 
 .text.rtt_write_alarm_time
                0x00400920       0x5c src/ASF/sam/drivers/rtt/rtt.o
                0x00400920                rtt_write_alarm_time
 .text.spi_get_peripheral_select_mode
                0x0040097c       0x26 src/ASF/sam/drivers/spi/spi.o
 *fill*         0x004009a2        0x2 
 .text.sysclk_enable_peripheral_clock
                0x004009a4       0x1c src/ASF/sam/drivers/spi/spi.o
 .text.spi_enable_clock
                0x004009c0       0x3c src/ASF/sam/drivers/spi/spi.o
                0x004009c0                spi_enable_clock
 .text.spi_set_peripheral_chip_select_value
                0x004009fc       0x34 src/ASF/sam/drivers/spi/spi.o
                0x004009fc                spi_set_peripheral_chip_select_value
 .text.spi_write
                0x00400a30       0x80 src/ASF/sam/drivers/spi/spi.o
                0x00400a30                spi_write
 .text.spi_set_clock_polarity
                0x00400ab0       0x50 src/ASF/sam/drivers/spi/spi.o
                0x00400ab0                spi_set_clock_polarity
 .text.spi_set_clock_phase
                0x00400b00       0x50 src/ASF/sam/drivers/spi/spi.o
                0x00400b00                spi_set_clock_phase
 .text.spi_configure_cs_behavior
                0x00400b50       0xa6 src/ASF/sam/drivers/spi/spi.o
                0x00400b50                spi_configure_cs_behavior
 .text.spi_set_bits_per_transfer
                0x00400bf6       0x4a src/ASF/sam/drivers/spi/spi.o
                0x00400bf6                spi_set_bits_per_transfer
 .text.spi_calc_baudrate_div
                0x00400c40       0x3c src/ASF/sam/drivers/spi/spi.o
                0x00400c40                spi_calc_baudrate_div
 .text.spi_set_baudrate_div
                0x00400c7c       0x5e src/ASF/sam/drivers/spi/spi.o
                0x00400c7c                spi_set_baudrate_div
 .text.tc_init  0x00400cda       0x3a src/ASF/sam/drivers/tc/tc.o
                0x00400cda                tc_init
 .text.tc_start
                0x00400d14       0x22 src/ASF/sam/drivers/tc/tc.o
                0x00400d14                tc_start
 .text.tc_write_rc
                0x00400d36       0x26 src/ASF/sam/drivers/tc/tc.o
                0x00400d36                tc_write_rc
 .text.tc_enable_interrupt
                0x00400d5c       0x28 src/ASF/sam/drivers/tc/tc.o
                0x00400d5c                tc_enable_interrupt
 .text.tc_get_status
                0x00400d84       0x24 src/ASF/sam/drivers/tc/tc.o
                0x00400d84                tc_get_status
 .text.tc_find_mck_divisor
                0x00400da8       0xa6 src/ASF/sam/drivers/tc/tc.o
                0x00400da8                tc_find_mck_divisor
 *fill*         0x00400e4e        0x2 
 .text.gfx_mono_set_framebuffer
                0x00400e50       0x20 src/oled/gfx_mono_framebuffer.o
                0x00400e50                gfx_mono_set_framebuffer
 .text.gfx_mono_framebuffer_put_byte
                0x00400e70       0x38 src/oled/gfx_mono_framebuffer.o
                0x00400e70                gfx_mono_framebuffer_put_byte
 .text.gfx_mono_framebuffer_get_byte
                0x00400ea8       0x34 src/oled/gfx_mono_framebuffer.o
                0x00400ea8                gfx_mono_framebuffer_get_byte
 .text.gfx_mono_generic_draw_horizontal_line
                0x00400edc      0x130 src/oled/gfx_mono_generic.o
                0x00400edc                gfx_mono_generic_draw_horizontal_line
 .text.gfx_mono_generic_draw_filled_rect
                0x0040100c       0x50 src/oled/gfx_mono_generic.o
                0x0040100c                gfx_mono_generic_draw_filled_rect
 .text.gfx_mono_draw_char_progmem
                0x0040105c       0xe0 src/oled/gfx_mono_text.o
 .text.gfx_mono_draw_char
                0x0040113c       0x54 src/oled/gfx_mono_text.o
                0x0040113c                gfx_mono_draw_char
 .text.gfx_mono_draw_string
                0x00401190       0x6c src/oled/gfx_mono_text.o
                0x00401190                gfx_mono_draw_string
 .text.ssd1306_set_page_address
                0x004011fc       0x2c src/oled/gfx_mono_ug_2832hsweg04.o
 .text.ssd1306_set_column_address
                0x00401228       0x40 src/oled/gfx_mono_ug_2832hsweg04.o
 .text.ssd1306_set_display_start_line_address
                0x00401268       0x2c src/oled/gfx_mono_ug_2832hsweg04.o
 .text.gfx_mono_ssd1306_init
                0x00401294       0x64 src/oled/gfx_mono_ug_2832hsweg04.o
                0x00401294                gfx_mono_ssd1306_init
 .text.gfx_mono_ssd1306_draw_pixel
                0x004012f8       0x9c src/oled/gfx_mono_ug_2832hsweg04.o
                0x004012f8                gfx_mono_ssd1306_draw_pixel
 .text.gfx_mono_ssd1306_put_byte
                0x00401394       0x84 src/oled/gfx_mono_ug_2832hsweg04.o
                0x00401394                gfx_mono_ssd1306_put_byte
 .text.gfx_mono_ssd1306_get_byte
                0x00401418       0x2c src/oled/gfx_mono_ug_2832hsweg04.o
                0x00401418                gfx_mono_ssd1306_get_byte
 .text.osc_get_rate
                0x00401444       0x74 src/oled/ssd1306.o
 .text.sysclk_get_main_hz
                0x004014b8       0x20 src/oled/ssd1306.o
 .text.sysclk_get_cpu_hz
                0x004014d8       0x14 src/oled/ssd1306.o
 .text.sysclk_get_peripheral_hz
                0x004014ec       0x14 src/oled/ssd1306.o
 .text.ioport_enable_pin
                0x00401500       0x4c src/oled/ssd1306.o
 .text.ioport_set_pin_mode
                0x0040154c      0x11c src/oled/ssd1306.o
 .text.ioport_set_pin_dir
                0x00401668       0x88 src/oled/ssd1306.o
 .text.ioport_set_pin_level
                0x004016f0       0x6c src/oled/ssd1306.o
 .text.spi_reset
                0x0040175c       0x1a src/oled/ssd1306.o
 .text.spi_enable
                0x00401776       0x1a src/oled/ssd1306.o
 .text.spi_disable
                0x00401790       0x1a src/oled/ssd1306.o
 .text.spi_set_master_mode
                0x004017aa       0x20 src/oled/ssd1306.o
 .text.spi_set_fixed_peripheral_select
                0x004017ca       0x20 src/oled/ssd1306.o
 .text.spi_disable_mode_fault_detect
                0x004017ea       0x20 src/oled/ssd1306.o
 .text.spi_disable_loopback
                0x0040180a       0x20 src/oled/ssd1306.o
 *fill*         0x0040182a        0x2 
 .text.ssd1306_hard_reset
                0x0040182c       0x54 src/oled/ssd1306.o
 .text.ssd1306_display_on
                0x00401880       0x14 src/oled/ssd1306.o
 .text.ssd1306_set_contrast
                0x00401894       0x28 src/oled/ssd1306.o
 .text.ssd1306_display_invert_disable
                0x004018bc       0x14 src/oled/ssd1306.o
 .text.ssd1306_interface_init
                0x004018d0      0x180 src/oled/ssd1306.o
 .text.ssd1306_init
                0x00401a50       0xb0 src/oled/ssd1306.o
                0x00401a50                ssd1306_init
 .text.ssd1306_write_command
                0x00401b00       0xa4 src/oled/ssd1306.o
                0x00401b00                ssd1306_write_command
 .text.ssd1306_write_data
                0x00401ba4       0xa4 src/oled/ssd1306.o
                0x00401ba4                ssd1306_write_data
 .text.osc_enable
                0x00401c48       0x88 src/ASF/common/services/clock/same70/sysclk.o
 .text.osc_is_ready
                0x00401cd0       0x70 src/ASF/common/services/clock/same70/sysclk.o
 .text.osc_get_rate
                0x00401d40       0x74 src/ASF/common/services/clock/same70/sysclk.o
 .text.osc_wait_ready
                0x00401db4       0x2c src/ASF/common/services/clock/same70/sysclk.o
 .text.pll_config_init
                0x00401de0       0x6c src/ASF/common/services/clock/same70/sysclk.o
 .text.pll_enable
                0x00401e4c       0x40 src/ASF/common/services/clock/same70/sysclk.o
 .text.pll_is_locked
                0x00401e8c       0x2c src/ASF/common/services/clock/same70/sysclk.o
 .text.pll_enable_source
                0x00401eb8       0x38 src/ASF/common/services/clock/same70/sysclk.o
 .text.pll_wait_for_lock
                0x00401ef0       0x24 src/ASF/common/services/clock/same70/sysclk.o
 .text.sysclk_get_main_hz
                0x00401f14       0x20 src/ASF/common/services/clock/same70/sysclk.o
 .text.sysclk_get_cpu_hz
                0x00401f34       0x14 src/ASF/common/services/clock/same70/sysclk.o
 .text.sysclk_init
                0x00401f48       0x7c src/ASF/common/services/clock/same70/sysclk.o
                0x00401f48                sysclk_init
 .text.pio_pull_up
                0x00401fc4       0x2c src/ASF/sam/drivers/pio/pio.o
                0x00401fc4                pio_pull_up
 .text.pio_set_debounce_filter
                0x00401ff0       0x38 src/ASF/sam/drivers/pio/pio.o
                0x00401ff0                pio_set_debounce_filter
 .text.pio_set  0x00402028       0x1c src/ASF/sam/drivers/pio/pio.o
                0x00402028                pio_set
 .text.pio_clear
                0x00402044       0x1c src/ASF/sam/drivers/pio/pio.o
                0x00402044                pio_clear
 .text.pio_set_peripheral
                0x00402060      0x110 src/ASF/sam/drivers/pio/pio.o
                0x00402060                pio_set_peripheral
 .text.pio_set_input
                0x00402170       0x80 src/ASF/sam/drivers/pio/pio.o
                0x00402170                pio_set_input
 .text.pio_set_output
                0x004021f0       0x64 src/ASF/sam/drivers/pio/pio.o
                0x004021f0                pio_set_output
 .text.pio_configure
                0x00402254       0xcc src/ASF/sam/drivers/pio/pio.o
                0x00402254                pio_configure
 .text.pio_get_output_data_status
                0x00402320       0x28 src/ASF/sam/drivers/pio/pio.o
                0x00402320                pio_get_output_data_status
 .text.pio_configure_interrupt
                0x00402348       0x6c src/ASF/sam/drivers/pio/pio.o
                0x00402348                pio_configure_interrupt
 .text.pio_enable_interrupt
                0x004023b4       0x1c src/ASF/sam/drivers/pio/pio.o
                0x004023b4                pio_enable_interrupt
 .text.pio_disable_interrupt
                0x004023d0       0x1c src/ASF/sam/drivers/pio/pio.o
                0x004023d0                pio_disable_interrupt
 .text.pio_get_interrupt_status
                0x004023ec       0x18 src/ASF/sam/drivers/pio/pio.o
                0x004023ec                pio_get_interrupt_status
 .text.pio_get_interrupt_mask
                0x00402404       0x18 src/ASF/sam/drivers/pio/pio.o
                0x00402404                pio_get_interrupt_mask
 .text.pio_handler_process
                0x0040241c       0xb4 src/ASF/sam/drivers/pio/pio_handler.o
                0x0040241c                pio_handler_process
 .text.pio_handler_set
                0x004024d0       0xa0 src/ASF/sam/drivers/pio/pio_handler.o
                0x004024d0                pio_handler_set
 .text.PIOA_Handler
                0x00402570       0x18 src/ASF/sam/drivers/pio/pio_handler.o
                0x00402570                PIOA_Handler
 .text.PIOB_Handler
                0x00402588       0x18 src/ASF/sam/drivers/pio/pio_handler.o
                0x00402588                PIOB_Handler
 .text.PIOC_Handler
                0x004025a0       0x18 src/ASF/sam/drivers/pio/pio_handler.o
                0x004025a0                PIOC_Handler
 .text.PIOD_Handler
                0x004025b8       0x18 src/ASF/sam/drivers/pio/pio_handler.o
                0x004025b8                PIOD_Handler
 .text.PIOE_Handler
                0x004025d0       0x18 src/ASF/sam/drivers/pio/pio_handler.o
                0x004025d0                PIOE_Handler
 .text.pmc_mck_set_division
                0x004025e8       0x7c src/ASF/sam/drivers/pmc/pmc.o
                0x004025e8                pmc_mck_set_division
 .text.pmc_switch_mck_to_pllack
                0x00402664       0x84 src/ASF/sam/drivers/pmc/pmc.o
                0x00402664                pmc_switch_mck_to_pllack
 .text.pmc_switch_sclk_to_32kxtal
                0x004026e8       0x38 src/ASF/sam/drivers/pmc/pmc.o
                0x004026e8                pmc_switch_sclk_to_32kxtal
 .text.pmc_osc_is_ready_32kxtal
                0x00402720       0x34 src/ASF/sam/drivers/pmc/pmc.o
                0x00402720                pmc_osc_is_ready_32kxtal
 .text.pmc_switch_mainck_to_fastrc
                0x00402754       0x70 src/ASF/sam/drivers/pmc/pmc.o
                0x00402754                pmc_switch_mainck_to_fastrc
 .text.pmc_switch_mainck_to_xtal
                0x004027c4       0x78 src/ASF/sam/drivers/pmc/pmc.o
                0x004027c4                pmc_switch_mainck_to_xtal
 .text.pmc_osc_is_ready_mainck
                0x0040283c       0x1c src/ASF/sam/drivers/pmc/pmc.o
                0x0040283c                pmc_osc_is_ready_mainck
 .text.pmc_disable_pllack
                0x00402858       0x1c src/ASF/sam/drivers/pmc/pmc.o
                0x00402858                pmc_disable_pllack
 .text.pmc_is_locked_pllack
                0x00402874       0x1c src/ASF/sam/drivers/pmc/pmc.o
                0x00402874                pmc_is_locked_pllack
 .text.pmc_is_locked_upll
                0x00402890       0x1c src/ASF/sam/drivers/pmc/pmc.o
                0x00402890                pmc_is_locked_upll
 .text.pmc_enable_periph_clk
                0x004028ac       0x84 src/ASF/sam/drivers/pmc/pmc.o
                0x004028ac                pmc_enable_periph_clk
 .text.pmc_set_flash_in_wait_mode
                0x00402930       0x20 src/ASF/sam/drivers/pmc/pmc.o
                0x00402930                pmc_set_flash_in_wait_mode
 .text.pmc_enable_waitmode
                0x00402950       0x90 src/ASF/sam/drivers/pmc/pmc.o
                0x00402950                pmc_enable_waitmode
 .text.pmc_sleep
                0x004029e0      0x398 src/ASF/sam/drivers/pmc/sleep.o
                0x004029e0                pmc_sleep
 .text.cpu_irq_save
                0x00402d78       0x38 src/ASF/sam/utils/cmsis/same70/source/templates/gcc/startup_same70.o
 .text.cpu_irq_is_enabled_flags
                0x00402db0       0x20 src/ASF/sam/utils/cmsis/same70/source/templates/gcc/startup_same70.o
 .text.cpu_irq_restore
                0x00402dd0       0x30 src/ASF/sam/utils/cmsis/same70/source/templates/gcc/startup_same70.o
 .text.Reset_Handler
                0x00402e00       0xb0 src/ASF/sam/utils/cmsis/same70/source/templates/gcc/startup_same70.o
                0x00402e00                Reset_Handler
 .text.Dummy_Handler
                0x00402eb0        0x6 src/ASF/sam/utils/cmsis/same70/source/templates/gcc/startup_same70.o
                0x00402eb0                DACC_Handler
                0x00402eb0                DebugMon_Handler
                0x00402eb0                UART3_Handler
                0x00402eb0                UART2_Handler
                0x00402eb0                TRNG_Handler
                0x00402eb0                HardFault_Handler
                0x00402eb0                SysTick_Handler
                0x00402eb0                AFEC1_Handler
                0x00402eb0                PendSV_Handler
                0x00402eb0                NMI_Handler
                0x00402eb0                TC7_Handler
                0x00402eb0                QSPI_Handler
                0x00402eb0                ISI_Handler
                0x00402eb0                TC9_Handler
                0x00402eb0                RSWDT_Handler
                0x00402eb0                MCAN1_Handler
                0x00402eb0                USART0_Handler
                0x00402eb0                USBHS_Handler
                0x00402eb0                UsageFault_Handler
                0x00402eb0                TC6_Handler
                0x00402eb0                WDT_Handler
                0x00402eb0                TC4_Handler
                0x00402eb0                HSMCI_Handler
                0x00402eb0                UART1_Handler
                0x00402eb0                TC3_Handler
                0x00402eb0                Dummy_Handler
                0x00402eb0                TWIHS1_Handler
                0x00402eb0                XDMAC_Handler
                0x00402eb0                UART4_Handler
                0x00402eb0                PWM1_Handler
                0x00402eb0                USART1_Handler
                0x00402eb0                PWM0_Handler
                0x00402eb0                AFEC0_Handler
                0x00402eb0                TC11_Handler
                0x00402eb0                SSC_Handler
                0x00402eb0                ACC_Handler
                0x00402eb0                PMC_Handler
                0x00402eb0                GMAC_Handler
                0x00402eb0                MemManage_Handler
                0x00402eb0                SUPC_Handler
                0x00402eb0                SVC_Handler
                0x00402eb0                TC8_Handler
                0x00402eb0                EFC_Handler
                0x00402eb0                USART2_Handler
                0x00402eb0                SDRAMC_Handler
                0x00402eb0                SPI1_Handler
                0x00402eb0                MCAN0_Handler
                0x00402eb0                TC10_Handler
                0x00402eb0                TWIHS2_Handler
                0x00402eb0                UART0_Handler
                0x00402eb0                BusFault_Handler
                0x00402eb0                RSTC_Handler
                0x00402eb0                TC0_Handler
                0x00402eb0                AES_Handler
                0x00402eb0                ICM_Handler
                0x00402eb0                TWIHS0_Handler
                0x00402eb0                SPI0_Handler
 *fill*         0x00402eb6        0x2 
 .text.SystemCoreClockUpdate
                0x00402eb8      0x168 src/ASF/sam/utils/cmsis/same70/source/templates/system_same70.o
                0x00402eb8                SystemCoreClockUpdate
 .text.system_init_flash
                0x00403020       0xb0 src/ASF/sam/utils/cmsis/same70/source/templates/system_same70.o
                0x00403020                system_init_flash
 .text._sbrk    0x004030d0       0x58 src/ASF/sam/utils/syscalls/gcc/syscalls.o
                0x004030d0                _sbrk
 .text.NVIC_EnableIRQ
                0x00403128       0x34 src/main.o
 .text.NVIC_DisableIRQ
                0x0040315c       0x34 src/main.o
 .text.NVIC_ClearPendingIRQ
                0x00403190       0x34 src/main.o
 .text.NVIC_SetPriority
                0x004031c4       0x54 src/main.o
 .text.osc_get_rate
                0x00403218       0x74 src/main.o
 .text.sysclk_get_main_hz
                0x0040328c       0x20 src/main.o
 .text.sysclk_get_cpu_hz
                0x004032ac       0x14 src/main.o
 .text.pin_toggle
                0x004032c0       0x40 src/main.o
                0x004032c0                pin_toggle
 .text.TC1_Handler
                0x00403300       0x34 src/main.o
                0x00403300                TC1_Handler
 .text.TC2_Handler
                0x00403334       0x34 src/main.o
                0x00403334                TC2_Handler
 .text.TC5_Handler
                0x00403368       0x34 src/main.o
                0x00403368                TC5_Handler
 .text.TC_init  0x0040339c       0xa4 src/main.o
                0x0040339c                TC_init
 .text.RTT_Handler
                0x00403440       0x48 src/main.o
                0x00403440                RTT_Handler
 .text.RTT_init
                0x00403488       0xd8 src/main.o
 .text.getString
                0x00403560       0xa4 src/main.o
                0x00403560                getString
 .text.RTC_Handler
                0x00403604       0x7c src/main.o
                0x00403604                RTC_Handler
 .text.RTC_init
                0x00403680       0xa4 src/main.o
                0x00403680                RTC_init
 .text.but1_callback
                0x00403724       0x18 src/main.o
                0x00403724                but1_callback
 .text.init     0x0040373c       0xfc src/main.o
                0x0040373c                init
 .text.main     0x00403838      0x1e0 src/main.o
                0x00403838                main
 .text          0x00403a18       0x30 c:/program files (x86)/atmel/studio/7.0/toolchain/arm/arm-gnu-toolchain/bin/../lib/gcc/arm-none-eabi/6.3.1/thumb/v7e-m\libgcc.a(_aeabi_uldivmod.o)
                0x00403a18                __aeabi_uldivmod
 .text          0x00403a48      0x2dc c:/program files (x86)/atmel/studio/7.0/toolchain/arm/arm-gnu-toolchain/bin/../lib/gcc/arm-none-eabi/6.3.1/thumb/v7e-m\libgcc.a(_udivmoddi4.o)
                0x00403a48                __udivmoddi4
 .text          0x00403d24        0x4 c:/program files (x86)/atmel/studio/7.0/toolchain/arm/arm-gnu-toolchain/bin/../lib/gcc/arm-none-eabi/6.3.1/thumb/v7e-m\libgcc.a(_dvmd_tls.o)
                0x00403d24                __aeabi_idiv0
                0x00403d24                __aeabi_ldiv0
 .text.__libc_init_array
                0x00403d28       0x50 c:/program files (x86)/atmel/studio/7.0/toolchain/arm/arm-gnu-toolchain/bin/../lib/gcc/arm-none-eabi/6.3.1/../../../../arm-none-eabi/lib/thumb/v7e-m\libc.a(lib_a-init.o)
                0x00403d28                __libc_init_array
 .text.malloc   0x00403d78       0x10 c:/program files (x86)/atmel/studio/7.0/toolchain/arm/arm-gnu-toolchain/bin/../lib/gcc/arm-none-eabi/6.3.1/../../../../arm-none-eabi/lib/thumb/v7e-m\libc.a(lib_a-malloc.o)
                0x00403d78                malloc
 .text._malloc_r
                0x00403d88      0x560 c:/program files (x86)/atmel/studio/7.0/toolchain/arm/arm-gnu-toolchain/bin/../lib/gcc/arm-none-eabi/6.3.1/../../../../arm-none-eabi/lib/thumb/v7e-m\libc.a(lib_a-mallocr.o)
                0x00403d88                _malloc_r
 .text.memset   0x004042e8       0x9c c:/program files (x86)/atmel/studio/7.0/toolchain/arm/arm-gnu-toolchain/bin/../lib/gcc/arm-none-eabi/6.3.1/../../../../arm-none-eabi/lib/thumb/v7e-m\libc.a(lib_a-memset.o)
                0x004042e8                memset
 .text.__malloc_lock
                0x00404384        0xc c:/program files (x86)/atmel/studio/7.0/toolchain/arm/arm-gnu-toolchain/bin/../lib/gcc/arm-none-eabi/6.3.1/../../../../arm-none-eabi/lib/thumb/v7e-m\libc.a(lib_a-mlock.o)
                0x00404384                __malloc_lock
 .text.__malloc_unlock
                0x00404390        0xc c:/program files (x86)/atmel/studio/7.0/toolchain/arm/arm-gnu-toolchain/bin/../lib/gcc/arm-none-eabi/6.3.1/../../../../arm-none-eabi/lib/thumb/v7e-m\libc.a(lib_a-mlock.o)
                0x00404390                __malloc_unlock
 .text._sbrk_r  0x0040439c       0x24 c:/program files (x86)/atmel/studio/7.0/toolchain/arm/arm-gnu-toolchain/bin/../lib/gcc/arm-none-eabi/6.3.1/../../../../arm-none-eabi/lib/thumb/v7e-m\libc.a(lib_a-sbrkr.o)
                0x0040439c                _sbrk_r
 .text.sprintf  0x004043c0       0x4c c:/program files (x86)/atmel/studio/7.0/toolchain/arm/arm-gnu-toolchain/bin/../lib/gcc/arm-none-eabi/6.3.1/../../../../arm-none-eabi/lib/thumb/v7e-m\libc.a(lib_a-sprintf.o)
                0x004043c0                sprintf
 .text._svfprintf_r
                0x0040440c     0x145c c:/program files (x86)/atmel/studio/7.0/toolchain/arm/arm-gnu-toolchain/bin/../lib/gcc/arm-none-eabi/6.3.1/../../../../arm-none-eabi/lib/thumb/v7e-m\libc.a(lib_a-svfprintf.o)
                0x0040440c                _svfprintf_r
 .text.startup.register_fini
                0x00405868       0x14 c:/program files (x86)/atmel/studio/7.0/toolchain/arm/arm-gnu-toolchain/bin/../lib/gcc/arm-none-eabi/6.3.1/../../../../arm-none-eabi/lib/thumb/v7e-m\libc.a(lib_a-__call_atexit.o)
 .text.atexit   0x0040587c        0xc c:/program files (x86)/atmel/studio/7.0/toolchain/arm/arm-gnu-toolchain/bin/../lib/gcc/arm-none-eabi/6.3.1/../../../../arm-none-eabi/lib/thumb/v7e-m\libc.a(lib_a-atexit.o)
                0x0040587c                atexit
 .text.quorem   0x00405888      0x128 c:/program files (x86)/atmel/studio/7.0/toolchain/arm/arm-gnu-toolchain/bin/../lib/gcc/arm-none-eabi/6.3.1/../../../../arm-none-eabi/lib/thumb/v7e-m\libc.a(lib_a-dtoa.o)
 .text._dtoa_r  0x004059b0      0xe54 c:/program files (x86)/atmel/studio/7.0/toolchain/arm/arm-gnu-toolchain/bin/../lib/gcc/arm-none-eabi/6.3.1/../../../../arm-none-eabi/lib/thumb/v7e-m\libc.a(lib_a-dtoa.o)
                0x004059b0                _dtoa_r
 .text.__libc_fini_array
                0x00406804       0x34 c:/program files (x86)/atmel/studio/7.0/toolchain/arm/arm-gnu-toolchain/bin/../lib/gcc/arm-none-eabi/6.3.1/../../../../arm-none-eabi/lib/thumb/v7e-m\libc.a(lib_a-fini.o)
                0x00406804                __libc_fini_array
 .text._malloc_trim_r
                0x00406838       0xa0 c:/program files (x86)/atmel/studio/7.0/toolchain/arm/arm-gnu-toolchain/bin/../lib/gcc/arm-none-eabi/6.3.1/../../../../arm-none-eabi/lib/thumb/v7e-m\libc.a(lib_a-freer.o)
                0x00406838                _malloc_trim_r
 .text._free_r  0x004068d8      0x1cc c:/program files (x86)/atmel/studio/7.0/toolchain/arm/arm-gnu-toolchain/bin/../lib/gcc/arm-none-eabi/6.3.1/../../../../arm-none-eabi/lib/thumb/v7e-m\libc.a(lib_a-freer.o)
                0x004068d8                _free_r
 .text._localeconv_r
                0x00406aa4       0x1c c:/program files (x86)/atmel/studio/7.0/toolchain/arm/arm-gnu-toolchain/bin/../lib/gcc/arm-none-eabi/6.3.1/../../../../arm-none-eabi/lib/thumb/v7e-m\libc.a(lib_a-localeconv.o)
                0x00406aa4                _localeconv_r
 .text.__retarget_lock_acquire_recursive
                0x00406ac0        0x4 c:/program files (x86)/atmel/studio/7.0/toolchain/arm/arm-gnu-toolchain/bin/../lib/gcc/arm-none-eabi/6.3.1/../../../../arm-none-eabi/lib/thumb/v7e-m\libc.a(lib_a-lock.o)
                0x00406ac0                __retarget_lock_acquire_recursive
 .text.__retarget_lock_release_recursive
                0x00406ac4        0x4 c:/program files (x86)/atmel/studio/7.0/toolchain/arm/arm-gnu-toolchain/bin/../lib/gcc/arm-none-eabi/6.3.1/../../../../arm-none-eabi/lib/thumb/v7e-m\libc.a(lib_a-lock.o)
                0x00406ac4                __retarget_lock_release_recursive
 *fill*         0x00406ac8        0x8 
 .text          0x00406ad0       0xa0 c:/program files (x86)/atmel/studio/7.0/toolchain/arm/arm-gnu-toolchain/bin/../lib/gcc/arm-none-eabi/6.3.1/../../../../arm-none-eabi/lib/thumb/v7e-m\libc.a(lib_a-memchr.o)
                0x00406ad0                memchr
 .text          0x00406b70      0x134 c:/program files (x86)/atmel/studio/7.0/toolchain/arm/arm-gnu-toolchain/bin/../lib/gcc/arm-none-eabi/6.3.1/../../../../arm-none-eabi/lib/thumb/v7e-m\libc.a(lib_a-memcpy.o)
                0x00406b70                memcpy
 .text._Balloc  0x00406ca4       0x4c c:/program files (x86)/atmel/studio/7.0/toolchain/arm/arm-gnu-toolchain/bin/../lib/gcc/arm-none-eabi/6.3.1/../../../../arm-none-eabi/lib/thumb/v7e-m\libc.a(lib_a-mprec.o)
                0x00406ca4                _Balloc
 .text._Bfree   0x00406cf0       0x14 c:/program files (x86)/atmel/studio/7.0/toolchain/arm/arm-gnu-toolchain/bin/../lib/gcc/arm-none-eabi/6.3.1/../../../../arm-none-eabi/lib/thumb/v7e-m\libc.a(lib_a-mprec.o)
                0x00406cf0                _Bfree
 .text.__multadd
                0x00406d04       0x80 c:/program files (x86)/atmel/studio/7.0/toolchain/arm/arm-gnu-toolchain/bin/../lib/gcc/arm-none-eabi/6.3.1/../../../../arm-none-eabi/lib/thumb/v7e-m\libc.a(lib_a-mprec.o)
                0x00406d04                __multadd
 .text.__hi0bits
                0x00406d84       0x40 c:/program files (x86)/atmel/studio/7.0/toolchain/arm/arm-gnu-toolchain/bin/../lib/gcc/arm-none-eabi/6.3.1/../../../../arm-none-eabi/lib/thumb/v7e-m\libc.a(lib_a-mprec.o)
                0x00406d84                __hi0bits
 .text.__lo0bits
                0x00406dc4       0x60 c:/program files (x86)/atmel/studio/7.0/toolchain/arm/arm-gnu-toolchain/bin/../lib/gcc/arm-none-eabi/6.3.1/../../../../arm-none-eabi/lib/thumb/v7e-m\libc.a(lib_a-mprec.o)
                0x00406dc4                __lo0bits
 .text.__i2b    0x00406e24       0x14 c:/program files (x86)/atmel/studio/7.0/toolchain/arm/arm-gnu-toolchain/bin/../lib/gcc/arm-none-eabi/6.3.1/../../../../arm-none-eabi/lib/thumb/v7e-m\libc.a(lib_a-mprec.o)
                0x00406e24                __i2b
 .text.__multiply
                0x00406e38      0x124 c:/program files (x86)/atmel/studio/7.0/toolchain/arm/arm-gnu-toolchain/bin/../lib/gcc/arm-none-eabi/6.3.1/../../../../arm-none-eabi/lib/thumb/v7e-m\libc.a(lib_a-mprec.o)
                0x00406e38                __multiply
 .text.__pow5mult
                0x00406f5c       0xa0 c:/program files (x86)/atmel/studio/7.0/toolchain/arm/arm-gnu-toolchain/bin/../lib/gcc/arm-none-eabi/6.3.1/../../../../arm-none-eabi/lib/thumb/v7e-m\libc.a(lib_a-mprec.o)
                0x00406f5c                __pow5mult
 .text.__lshift
                0x00406ffc       0xa4 c:/program files (x86)/atmel/studio/7.0/toolchain/arm/arm-gnu-toolchain/bin/../lib/gcc/arm-none-eabi/6.3.1/../../../../arm-none-eabi/lib/thumb/v7e-m\libc.a(lib_a-mprec.o)
                0x00406ffc                __lshift
 .text.__mcmp   0x004070a0       0x38 c:/program files (x86)/atmel/studio/7.0/toolchain/arm/arm-gnu-toolchain/bin/../lib/gcc/arm-none-eabi/6.3.1/../../../../arm-none-eabi/lib/thumb/v7e-m\libc.a(lib_a-mprec.o)
                0x004070a0                __mcmp
 .text.__mdiff  0x004070d8      0x108 c:/program files (x86)/atmel/studio/7.0/toolchain/arm/arm-gnu-toolchain/bin/../lib/gcc/arm-none-eabi/6.3.1/../../../../arm-none-eabi/lib/thumb/v7e-m\libc.a(lib_a-mprec.o)
                0x004070d8                __mdiff
 .text.__d2b    0x004071e0       0xb8 c:/program files (x86)/atmel/studio/7.0/toolchain/arm/arm-gnu-toolchain/bin/../lib/gcc/arm-none-eabi/6.3.1/../../../../arm-none-eabi/lib/thumb/v7e-m\libc.a(lib_a-mprec.o)
                0x004071e0                __d2b
 *fill*         0x00407298       0x28 
 .text          0x004072c0       0xdc c:/program files (x86)/atmel/studio/7.0/toolchain/arm/arm-gnu-toolchain/bin/../lib/gcc/arm-none-eabi/6.3.1/../../../../arm-none-eabi/lib/thumb/v7e-m\libc.a(lib_a-strlen.o)
                0x004072c0                strlen
 .text.__ssprint_r
                0x0040739c       0xfc c:/program files (x86)/atmel/studio/7.0/toolchain/arm/arm-gnu-toolchain/bin/../lib/gcc/arm-none-eabi/6.3.1/../../../../arm-none-eabi/lib/thumb/v7e-m\libc.a(lib_a-svfiprintf.o)
                0x0040739c                __ssprint_r
 .text.__register_exitproc
                0x00407498       0xc4 c:/program files (x86)/atmel/studio/7.0/toolchain/arm/arm-gnu-toolchain/bin/../lib/gcc/arm-none-eabi/6.3.1/../../../../arm-none-eabi/lib/thumb/v7e-m\libc.a(lib_a-__atexit.o)
                0x00407498                __register_exitproc
 .text._calloc_r
                0x0040755c       0x60 c:/program files (x86)/atmel/studio/7.0/toolchain/arm/arm-gnu-toolchain/bin/../lib/gcc/arm-none-eabi/6.3.1/../../../../arm-none-eabi/lib/thumb/v7e-m\libc.a(lib_a-callocr.o)
                0x0040755c                _calloc_r
 .text.__ascii_mbtowc
                0x004075bc       0x2c c:/program files (x86)/atmel/studio/7.0/toolchain/arm/arm-gnu-toolchain/bin/../lib/gcc/arm-none-eabi/6.3.1/../../../../arm-none-eabi/lib/thumb/v7e-m\libc.a(lib_a-mbtowc_r.o)
                0x004075bc                __ascii_mbtowc
 .text.memmove  0x004075e8       0xc8 c:/program files (x86)/atmel/studio/7.0/toolchain/arm/arm-gnu-toolchain/bin/../lib/gcc/arm-none-eabi/6.3.1/../../../../arm-none-eabi/lib/thumb/v7e-m\libc.a(lib_a-memmove.o)
                0x004075e8                memmove
 .text._realloc_r
                0x004076b0      0x34c c:/program files (x86)/atmel/studio/7.0/toolchain/arm/arm-gnu-toolchain/bin/../lib/gcc/arm-none-eabi/6.3.1/../../../../arm-none-eabi/lib/thumb/v7e-m\libc.a(lib_a-reallocr.o)
                0x004076b0                _realloc_r
 .text.__ascii_wctomb
                0x004079fc       0x1c c:/program files (x86)/atmel/studio/7.0/toolchain/arm/arm-gnu-toolchain/bin/../lib/gcc/arm-none-eabi/6.3.1/../../../../arm-none-eabi/lib/thumb/v7e-m\libc.a(lib_a-wctomb_r.o)
                0x004079fc                __ascii_wctomb
 .text          0x00407a18      0x370 c:/program files (x86)/atmel/studio/7.0/toolchain/arm/arm-gnu-toolchain/bin/../lib/gcc/arm-none-eabi/6.3.1/thumb/v7e-m\libgcc.a(_arm_addsubdf3.o)
                0x00407a18                __aeabi_drsub
                0x00407a20                __aeabi_dsub
                0x00407a20                __subdf3
                0x00407a24                __aeabi_dadd
                0x00407a24                __adddf3
                0x00407c9c                __floatunsidf
                0x00407c9c                __aeabi_ui2d
                0x00407cbc                __floatsidf
                0x00407cbc                __aeabi_i2d
                0x00407ce0                __aeabi_f2d
                0x00407ce0                __extendsfdf2
                0x00407d1c                __floatundidf
                0x00407d1c                __aeabi_ul2d
                0x00407d2c                __floatdidf
                0x00407d2c                __aeabi_l2d
 .text          0x00407d88      0x424 c:/program files (x86)/atmel/studio/7.0/toolchain/arm/arm-gnu-toolchain/bin/../lib/gcc/arm-none-eabi/6.3.1/thumb/v7e-m\libgcc.a(_arm_muldivdf3.o)
                0x00407d88                __aeabi_dmul
                0x00407d88                __muldf3
                0x00407fdc                __divdf3
                0x00407fdc                __aeabi_ddiv
 .text          0x004081ac      0x110 c:/program files (x86)/atmel/studio/7.0/toolchain/arm/arm-gnu-toolchain/bin/../lib/gcc/arm-none-eabi/6.3.1/thumb/v7e-m\libgcc.a(_arm_cmpdf2.o)
                0x004081ac                __gtdf2
                0x004081ac                __gedf2
                0x004081b4                __ltdf2
                0x004081b4                __ledf2
                0x004081bc                __nedf2
                0x004081bc                __eqdf2
                0x004081bc                __cmpdf2
                0x00408238                __aeabi_cdrcmple
                0x00408248                __aeabi_cdcmpeq
                0x00408248                __aeabi_cdcmple
                0x00408258                __aeabi_dcmpeq
                0x0040826c                __aeabi_dcmplt
                0x00408280                __aeabi_dcmple
                0x00408294                __aeabi_dcmpge
                0x004082a8                __aeabi_dcmpgt
 .text          0x004082bc       0x2c c:/program files (x86)/atmel/studio/7.0/toolchain/arm/arm-gnu-toolchain/bin/../lib/gcc/arm-none-eabi/6.3.1/thumb/v7e-m\libgcc.a(_arm_unorddf2.o)
                0x004082bc                __unorddf2
                0x004082bc                __aeabi_dcmpun
 .text          0x004082e8       0x50 c:/program files (x86)/atmel/studio/7.0/toolchain/arm/arm-gnu-toolchain/bin/../lib/gcc/arm-none-eabi/6.3.1/thumb/v7e-m\libgcc.a(_arm_fixdfsi.o)
                0x004082e8                __aeabi_d2iz
                0x004082e8                __fixdfsi
 *(.glue_7t)
 .glue_7t       0x00408338        0x0 linker stubs
 *(.glue_7)
 .glue_7        0x00408338        0x0 linker stubs
 *(.rodata .rodata* .gnu.linkonce.r.*)
 .rodata.sysfont_glyphs
                0x00408338      0xa48 src/oled/sysfont.o
 .rodata        0x00408d80       0x30 src/main.o
 .rodata._global_impure_ptr
                0x00408db0        0x4 c:/program files (x86)/atmel/studio/7.0/toolchain/arm/arm-gnu-toolchain/bin/../lib/gcc/arm-none-eabi/6.3.1/../../../../arm-none-eabi/lib/thumb/v7e-m\libc.a(lib_a-impure.o)
                0x00408db0                _global_impure_ptr
 .rodata._svfprintf_r.str1.4
                0x00408db4       0x42 c:/program files (x86)/atmel/studio/7.0/toolchain/arm/arm-gnu-toolchain/bin/../lib/gcc/arm-none-eabi/6.3.1/../../../../arm-none-eabi/lib/thumb/v7e-m\libc.a(lib_a-svfprintf.o)
 *fill*         0x00408df6        0x2 
 .rodata.blanks.7223
                0x00408df8       0x10 c:/program files (x86)/atmel/studio/7.0/toolchain/arm/arm-gnu-toolchain/bin/../lib/gcc/arm-none-eabi/6.3.1/../../../../arm-none-eabi/lib/thumb/v7e-m\libc.a(lib_a-svfprintf.o)
 .rodata.zeroes.7224
                0x00408e08       0x10 c:/program files (x86)/atmel/studio/7.0/toolchain/arm/arm-gnu-toolchain/bin/../lib/gcc/arm-none-eabi/6.3.1/../../../../arm-none-eabi/lib/thumb/v7e-m\libc.a(lib_a-svfprintf.o)
 .rodata._dtoa_r.str1.4
                0x00408e18       0x10 c:/program files (x86)/atmel/studio/7.0/toolchain/arm/arm-gnu-toolchain/bin/../lib/gcc/arm-none-eabi/6.3.1/../../../../arm-none-eabi/lib/thumb/v7e-m\libc.a(lib_a-dtoa.o)
                                 0x12 (size before relaxing)
 .rodata.__mprec_bigtens
                0x00408e28       0x28 c:/program files (x86)/atmel/studio/7.0/toolchain/arm/arm-gnu-toolchain/bin/../lib/gcc/arm-none-eabi/6.3.1/../../../../arm-none-eabi/lib/thumb/v7e-m\libc.a(lib_a-mprec.o)
                0x00408e28                __mprec_bigtens
 .rodata.__mprec_tens
                0x00408e50       0xc8 c:/program files (x86)/atmel/studio/7.0/toolchain/arm/arm-gnu-toolchain/bin/../lib/gcc/arm-none-eabi/6.3.1/../../../../arm-none-eabi/lib/thumb/v7e-m\libc.a(lib_a-mprec.o)
                0x00408e50                __mprec_tens
 .rodata.p05.6055
                0x00408f18        0xc c:/program files (x86)/atmel/studio/7.0/toolchain/arm/arm-gnu-toolchain/bin/../lib/gcc/arm-none-eabi/6.3.1/../../../../arm-none-eabi/lib/thumb/v7e-m\libc.a(lib_a-mprec.o)
 .rodata._setlocale_r.str1.4
                0x00408f24        0xa c:/program files (x86)/atmel/studio/7.0/toolchain/arm/arm-gnu-toolchain/bin/../lib/gcc/arm-none-eabi/6.3.1/../../../../arm-none-eabi/lib/thumb/v7e-m\libc.a(lib_a-locale.o)
                                  0xd (size before relaxing)
 *fill*         0x00408f2e        0x2 
 .rodata.str1.4
                0x00408f30        0x4 c:/program files (x86)/atmel/studio/7.0/toolchain/arm/arm-gnu-toolchain/bin/../lib/gcc/arm-none-eabi/6.3.1/../../../../arm-none-eabi/lib/thumb/v7e-m\libc.a(lib_a-locale.o)
                                  0x2 (size before relaxing)
 .rodata._ctype_
                0x00408f34      0x101 c:/program files (x86)/atmel/studio/7.0/toolchain/arm/arm-gnu-toolchain/bin/../lib/gcc/arm-none-eabi/6.3.1/../../../../arm-none-eabi/lib/thumb/v7e-m\libc.a(lib_a-ctype_.o)
                0x00408f34                _ctype_
 *(.ARM.extab* .gnu.linkonce.armextab.*)
                0x00409038                . = ALIGN (0x4)
 *fill*         0x00409035        0x3 
 *(.init)
 .init          0x00409038        0x4 c:/program files (x86)/atmel/studio/7.0/toolchain/arm/arm-gnu-toolchain/bin/../lib/gcc/arm-none-eabi/6.3.1/thumb/v7e-m/crti.o
                0x00409038                _init
 .init          0x0040903c        0x8 c:/program files (x86)/atmel/studio/7.0/toolchain/arm/arm-gnu-toolchain/bin/../lib/gcc/arm-none-eabi/6.3.1/thumb/v7e-m/crtn.o
                0x00409044                . = ALIGN (0x4)
                0x00409044                __preinit_array_start = .
 *(.preinit_array)
                0x00409044                __preinit_array_end = .
                0x00409044                . = ALIGN (0x4)
                0x00409044                __init_array_start = .
 *(SORT(.init_array.*))
 .init_array.00000
                0x00409044        0x4 c:/program files (x86)/atmel/studio/7.0/toolchain/arm/arm-gnu-toolchain/bin/../lib/gcc/arm-none-eabi/6.3.1/../../../../arm-none-eabi/lib/thumb/v7e-m\libc.a(lib_a-__call_atexit.o)
 *(.init_array)
 .init_array    0x00409048        0x4 c:/program files (x86)/atmel/studio/7.0/toolchain/arm/arm-gnu-toolchain/bin/../lib/gcc/arm-none-eabi/6.3.1/thumb/v7e-m/crtbegin.o
                0x0040904c                __init_array_end = .
                0x0040904c                . = ALIGN (0x4)
 *crtbegin.o(.ctors)
 *(EXCLUDE_FILE(*crtend.o) .ctors)
 *(SORT(.ctors.*))
 *crtend.o(.ctors)
                0x0040904c                . = ALIGN (0x4)
 *(.fini)
 .fini          0x0040904c        0x4 c:/program files (x86)/atmel/studio/7.0/toolchain/arm/arm-gnu-toolchain/bin/../lib/gcc/arm-none-eabi/6.3.1/thumb/v7e-m/crti.o
                0x0040904c                _fini
 .fini          0x00409050        0x8 c:/program files (x86)/atmel/studio/7.0/toolchain/arm/arm-gnu-toolchain/bin/../lib/gcc/arm-none-eabi/6.3.1/thumb/v7e-m/crtn.o
                0x00409058                . = ALIGN (0x4)
                0x00409058                __fini_array_start = .
 *(.fini_array)
 .fini_array    0x00409058        0x4 c:/program files (x86)/atmel/studio/7.0/toolchain/arm/arm-gnu-toolchain/bin/../lib/gcc/arm-none-eabi/6.3.1/thumb/v7e-m/crtbegin.o
 *(SORT(.fini_array.*))
                0x0040905c                __fini_array_end = .
 *crtbegin.o(.dtors)
 *(EXCLUDE_FILE(*crtend.o) .dtors)
 *(SORT(.dtors.*))
 *crtend.o(.dtors)
                0x0040905c                . = ALIGN (0x4)
                0x0040905c                _efixed = .
                [!provide]                PROVIDE (__exidx_start, .)

.vfp11_veneer   0x0040905c        0x0
 .vfp11_veneer  0x0040905c        0x0 linker stubs

.v4_bx          0x0040905c        0x0
 .v4_bx         0x0040905c        0x0 linker stubs

.iplt           0x0040905c        0x0
 .iplt          0x0040905c        0x0 c:/program files (x86)/atmel/studio/7.0/toolchain/arm/arm-gnu-toolchain/bin/../lib/gcc/arm-none-eabi/6.3.1/thumb/v7e-m/crtbegin.o

.ARM.exidx      0x0040905c        0x8
 *(.ARM.exidx* .gnu.linkonce.armexidx.*)
 .ARM.exidx     0x0040905c        0x8 c:/program files (x86)/atmel/studio/7.0/toolchain/arm/arm-gnu-toolchain/bin/../lib/gcc/arm-none-eabi/6.3.1/thumb/v7e-m\libgcc.a(_udivmoddi4.o)
                [!provide]                PROVIDE (__exidx_end, .)

.eh_frame       0x00409064        0x0
 .eh_frame      0x00409064        0x0 c:/program files (x86)/atmel/studio/7.0/toolchain/arm/arm-gnu-toolchain/bin/../lib/gcc/arm-none-eabi/6.3.1/thumb/v7e-m/crtbegin.o

.rel.dyn        0x00409064        0x0
 .rel.iplt      0x00409064        0x0 c:/program files (x86)/atmel/studio/7.0/toolchain/arm/arm-gnu-toolchain/bin/../lib/gcc/arm-none-eabi/6.3.1/thumb/v7e-m/crtbegin.o

.jcr            0x00409064        0x0
 .jcr           0x00409064        0x0 c:/program files (x86)/atmel/studio/7.0/toolchain/arm/arm-gnu-toolchain/bin/../lib/gcc/arm-none-eabi/6.3.1/thumb/v7e-m/crtbegin.o

.igot.plt       0x00409064        0x0
 .igot.plt      0x00409064        0x0 c:/program files (x86)/atmel/studio/7.0/toolchain/arm/arm-gnu-toolchain/bin/../lib/gcc/arm-none-eabi/6.3.1/thumb/v7e-m/crtbegin.o
                0x00409064                . = ALIGN (0x4)
                0x00409064                _etext = .

.relocate       0x20400000      0x9d8 load address 0x00409064
                0x20400000                . = ALIGN (0x4)
                0x20400000                _srelocate = .
 *(.ramfunc .ramfunc.*)
 .ramfunc       0x20400000        0xa src/ASF/common/services/delay/sam/cycle_counter.o
                0x20400000                portable_delay_cycles
 *(.data .data.*)
 *fill*         0x2040000a        0x2 
 .data.sysfont  0x2040000c        0xc src/oled/sysfont.o
                0x2040000c                sysfont
 .data.g_interrupt_enabled
                0x20400018        0x1 src/ASF/common/utils/interrupt/interrupt_sam_nvic.o
                0x20400018                g_interrupt_enabled
 *fill*         0x20400019        0x3 
 .data.ul_flash_in_wait_mode
                0x2040001c        0x4 src/ASF/sam/drivers/pmc/pmc.o
 .data.SystemCoreClock
                0x20400020        0x4 src/ASF/sam/utils/cmsis/same70/source/templates/system_same70.o
                0x20400020                SystemCoreClock
 .data.flag_rtc_sec
                0x20400024        0x1 src/main.o
                0x20400024                flag_rtc_sec
 *fill*         0x20400025        0x3 
 .data._impure_ptr
                0x20400028        0x4 c:/program files (x86)/atmel/studio/7.0/toolchain/arm/arm-gnu-toolchain/bin/../lib/gcc/arm-none-eabi/6.3.1/../../../../arm-none-eabi/lib/thumb/v7e-m\libc.a(lib_a-impure.o)
                0x20400028                _impure_ptr
 *fill*         0x2040002c        0x4 
 .data.impure_data
                0x20400030      0x428 c:/program files (x86)/atmel/studio/7.0/toolchain/arm/arm-gnu-toolchain/bin/../lib/gcc/arm-none-eabi/6.3.1/../../../../arm-none-eabi/lib/thumb/v7e-m\libc.a(lib_a-impure.o)
 .data.__malloc_av_
                0x20400458      0x408 c:/program files (x86)/atmel/studio/7.0/toolchain/arm/arm-gnu-toolchain/bin/../lib/gcc/arm-none-eabi/6.3.1/../../../../arm-none-eabi/lib/thumb/v7e-m\libc.a(lib_a-mallocr.o)
                0x20400458                __malloc_av_
 .data.__malloc_sbrk_base
                0x20400860        0x4 c:/program files (x86)/atmel/studio/7.0/toolchain/arm/arm-gnu-toolchain/bin/../lib/gcc/arm-none-eabi/6.3.1/../../../../arm-none-eabi/lib/thumb/v7e-m\libc.a(lib_a-mallocr.o)
                0x20400860                __malloc_sbrk_base
 .data.__malloc_trim_threshold
                0x20400864        0x4 c:/program files (x86)/atmel/studio/7.0/toolchain/arm/arm-gnu-toolchain/bin/../lib/gcc/arm-none-eabi/6.3.1/../../../../arm-none-eabi/lib/thumb/v7e-m\libc.a(lib_a-mallocr.o)
                0x20400864                __malloc_trim_threshold
 .data.__atexit_recursive_mutex
                0x20400868        0x4 c:/program files (x86)/atmel/studio/7.0/toolchain/arm/arm-gnu-toolchain/bin/../lib/gcc/arm-none-eabi/6.3.1/../../../../arm-none-eabi/lib/thumb/v7e-m\libc.a(lib_a-__call_atexit.o)
                0x20400868                __atexit_recursive_mutex
 .data.__global_locale
                0x2040086c      0x16c c:/program files (x86)/atmel/studio/7.0/toolchain/arm/arm-gnu-toolchain/bin/../lib/gcc/arm-none-eabi/6.3.1/../../../../arm-none-eabi/lib/thumb/v7e-m\libc.a(lib_a-locale.o)
                0x2040086c                __global_locale
                0x204009d8                . = ALIGN (0x4)
                0x204009d8                _erelocate = .

.bss            0x204009d8      0x304 load address 0x00409a3c
                0x204009d8                . = ALIGN (0x4)
                0x204009d8                _sbss = .
                0x204009d8                _szero = .
 *(.bss .bss.*)
 .bss           0x204009d8       0x1c c:/program files (x86)/atmel/studio/7.0/toolchain/arm/arm-gnu-toolchain/bin/../lib/gcc/arm-none-eabi/6.3.1/thumb/v7e-m/crtbegin.o
 .bss.g_wobits_in_rtt_mr
                0x204009f4        0x4 src/ASF/sam/drivers/rtt/rtt.o
 .bss.fbpointer
                0x204009f8        0x4 src/oled/gfx_mono_framebuffer.o
 .bss.framebuffer
                0x204009fc      0x200 src/oled/gfx_mono_ug_2832hsweg04.o
 .bss.gs_interrupt_sources
                0x20400bfc       0x70 src/ASF/sam/drivers/pio/pio_handler.o
 .bss.gs_ul_nb_sources
                0x20400c6c        0x4 src/ASF/sam/drivers/pio/pio_handler.o
 .bss.b_is_sleep_clock_used
                0x20400c70        0x1 src/ASF/sam/drivers/pmc/sleep.o
 *fill*         0x20400c71        0x3 
 .bss.callback_clocks_restored
                0x20400c74        0x4 src/ASF/sam/drivers/pmc/sleep.o
 .bss.heap.6420
                0x20400c78        0x4 src/ASF/sam/utils/syscalls/gcc/syscalls.o
 .bss.flag_but1
                0x20400c7c        0x1 src/main.o
                0x20400c7c                flag_but1
 .bss.flag_rtc_alarm
                0x20400c7d        0x1 src/main.o
                0x20400c7d                flag_rtc_alarm
 *fill*         0x20400c7e        0x2 
 .bss.__malloc_current_mallinfo
                0x20400c80       0x28 c:/program files (x86)/atmel/studio/7.0/toolchain/arm/arm-gnu-toolchain/bin/../lib/gcc/arm-none-eabi/6.3.1/../../../../arm-none-eabi/lib/thumb/v7e-m\libc.a(lib_a-mallocr.o)
                0x20400c80                __malloc_current_mallinfo
 .bss.__malloc_max_sbrked_mem
                0x20400ca8        0x4 c:/program files (x86)/atmel/studio/7.0/toolchain/arm/arm-gnu-toolchain/bin/../lib/gcc/arm-none-eabi/6.3.1/../../../../arm-none-eabi/lib/thumb/v7e-m\libc.a(lib_a-mallocr.o)
                0x20400ca8                __malloc_max_sbrked_mem
 .bss.__malloc_max_total_mem
                0x20400cac        0x4 c:/program files (x86)/atmel/studio/7.0/toolchain/arm/arm-gnu-toolchain/bin/../lib/gcc/arm-none-eabi/6.3.1/../../../../arm-none-eabi/lib/thumb/v7e-m\libc.a(lib_a-mallocr.o)
                0x20400cac                __malloc_max_total_mem
 .bss.__malloc_top_pad
                0x20400cb0        0x4 c:/program files (x86)/atmel/studio/7.0/toolchain/arm/arm-gnu-toolchain/bin/../lib/gcc/arm-none-eabi/6.3.1/../../../../arm-none-eabi/lib/thumb/v7e-m\libc.a(lib_a-mallocr.o)
                0x20400cb0                __malloc_top_pad
 *(COMMON)
 COMMON         0x20400cb4       0x21 c:/program files (x86)/atmel/studio/7.0/toolchain/arm/arm-gnu-toolchain/bin/../lib/gcc/arm-none-eabi/6.3.1/../../../../arm-none-eabi/lib/thumb/v7e-m\libc.a(lib_a-lock.o)
                0x20400cb4                __lock___atexit_recursive_mutex
                0x20400cb8                __lock___arc4random_mutex
                0x20400cbc                __lock___env_recursive_mutex
                0x20400cc0                __lock___sinit_recursive_mutex
                0x20400cc4                __lock___malloc_recursive_mutex
                0x20400cc8                __lock___at_quick_exit_mutex
                0x20400ccc                __lock___dd_hash_mutex
                0x20400cd0                __lock___tz_mutex
                0x20400cd4                __lock___sfp_recursive_mutex
 *fill*         0x20400cd5        0x3 
 COMMON         0x20400cd8        0x4 c:/program files (x86)/atmel/studio/7.0/toolchain/arm/arm-gnu-toolchain/bin/../lib/gcc/arm-none-eabi/6.3.1/../../../../arm-none-eabi/lib/thumb/v7e-m\libc.a(lib_a-reent.o)
                0x20400cd8                errno
                0x20400cdc                . = ALIGN (0x4)
                0x20400cdc                _ebss = .
                0x20400cdc                _ezero = .

.stack          0x20400cdc     0x2004 load address 0x00409d40
                0x20400ce0                . = ALIGN (0x8)
 *fill*         0x20400cdc        0x4 
                0x20400ce0                _sstack = .
                0x20402ce0                . = (. + STACK_SIZE)
 *fill*         0x20400ce0     0x2000 
                0x20402ce0                . = ALIGN (0x8)
                0x20402ce0                _estack = .

.heap           0x20402ce0      0x200 load address 0x0040bd44
                0x20402ce0                . = ALIGN (0x8)
                0x20402ce0                _sheap = .
                0x20402ee0                . = (. + HEAP_SIZE)
 *fill*         0x20402ce0      0x200 
                0x20402ee0                . = ALIGN (0x8)
                0x20402ee0                _eheap = .
                0x20402ee0                . = ALIGN (0x4)
                0x20402ee0                _end = .
                0x2045ffff                _ram_end_ = ((ORIGIN (ram) + LENGTH (ram)) - 0x1)
OUTPUT(OLED1.elf elf32-littlearm)

.ARM.attributes
                0x00000000       0x2e
 .ARM.attributes
                0x00000000       0x1e c:/program files (x86)/atmel/studio/7.0/toolchain/arm/arm-gnu-toolchain/bin/../lib/gcc/arm-none-eabi/6.3.1/thumb/v7e-m/crti.o
 .ARM.attributes
                0x0000001e       0x2e c:/program files (x86)/atmel/studio/7.0/toolchain/arm/arm-gnu-toolchain/bin/../lib/gcc/arm-none-eabi/6.3.1/thumb/v7e-m/crtbegin.o
 .ARM.attributes
                0x0000004c       0x37 src/ASF/sam/drivers/rtc/rtc.o
 .ARM.attributes
                0x00000083       0x37 src/ASF/sam/drivers/rtt/rtt.o
 .ARM.attributes
                0x000000ba       0x37 src/ASF/sam/drivers/spi/spi.o
 .ARM.attributes
                0x000000f1       0x37 src/ASF/sam/drivers/tc/tc.o
 .ARM.attributes
                0x00000128       0x37 src/oled/gfx_mono_framebuffer.o
 .ARM.attributes
                0x0000015f       0x37 src/oled/gfx_mono_generic.o
 .ARM.attributes
                0x00000196       0x37 src/oled/gfx_mono_text.o
 .ARM.attributes
                0x000001cd       0x37 src/oled/gfx_mono_ug_2832hsweg04.o
 .ARM.attributes
                0x00000204       0x37 src/oled/ssd1306.o
 .ARM.attributes
                0x0000023b       0x37 src/oled/sysfont.o
 .ARM.attributes
                0x00000272       0x37 src/ASF/common/services/delay/sam/cycle_counter.o
 .ARM.attributes
                0x000002a9       0x37 src/ASF/common/services/clock/same70/sysclk.o
 .ARM.attributes
                0x000002e0       0x37 src/ASF/common/utils/interrupt/interrupt_sam_nvic.o
 .ARM.attributes
                0x00000317       0x37 src/ASF/sam/drivers/pio/pio.o
 .ARM.attributes
                0x0000034e       0x37 src/ASF/sam/drivers/pio/pio_handler.o
 .ARM.attributes
                0x00000385       0x37 src/ASF/sam/drivers/pmc/pmc.o
 .ARM.attributes
                0x000003bc       0x37 src/ASF/sam/drivers/pmc/sleep.o
 .ARM.attributes
                0x000003f3       0x37 src/ASF/sam/utils/cmsis/same70/source/templates/gcc/startup_same70.o
 .ARM.attributes
                0x0000042a       0x37 src/ASF/sam/utils/cmsis/same70/source/templates/system_same70.o
 .ARM.attributes
                0x00000461       0x37 src/ASF/sam/utils/syscalls/gcc/syscalls.o
 .ARM.attributes
                0x00000498       0x37 src/main.o
 .ARM.attributes
                0x000004cf       0x1e c:/program files (x86)/atmel/studio/7.0/toolchain/arm/arm-gnu-toolchain/bin/../lib/gcc/arm-none-eabi/6.3.1/thumb/v7e-m\libgcc.a(_aeabi_uldivmod.o)
 .ARM.attributes
                0x000004ed       0x2e c:/program files (x86)/atmel/studio/7.0/toolchain/arm/arm-gnu-toolchain/bin/../lib/gcc/arm-none-eabi/6.3.1/thumb/v7e-m\libgcc.a(_udivmoddi4.o)
 .ARM.attributes
                0x0000051b       0x1e c:/program files (x86)/atmel/studio/7.0/toolchain/arm/arm-gnu-toolchain/bin/../lib/gcc/arm-none-eabi/6.3.1/thumb/v7e-m\libgcc.a(_dvmd_tls.o)
 .ARM.attributes
                0x00000539       0x2e c:/program files (x86)/atmel/studio/7.0/toolchain/arm/arm-gnu-toolchain/bin/../lib/gcc/arm-none-eabi/6.3.1/../../../../arm-none-eabi/lib/thumb/v7e-m\libc.a(lib_a-impure.o)
 .ARM.attributes
                0x00000567       0x2e c:/program files (x86)/atmel/studio/7.0/toolchain/arm/arm-gnu-toolchain/bin/../lib/gcc/arm-none-eabi/6.3.1/../../../../arm-none-eabi/lib/thumb/v7e-m\libc.a(lib_a-init.o)
 .ARM.attributes
                0x00000595       0x2e c:/program files (x86)/atmel/studio/7.0/toolchain/arm/arm-gnu-toolchain/bin/../lib/gcc/arm-none-eabi/6.3.1/../../../../arm-none-eabi/lib/thumb/v7e-m\libc.a(lib_a-malloc.o)
 .ARM.attributes
                0x000005c3       0x2e c:/program files (x86)/atmel/studio/7.0/toolchain/arm/arm-gnu-toolchain/bin/../lib/gcc/arm-none-eabi/6.3.1/../../../../arm-none-eabi/lib/thumb/v7e-m\libc.a(lib_a-mallocr.o)
 .ARM.attributes
                0x000005f1       0x2e c:/program files (x86)/atmel/studio/7.0/toolchain/arm/arm-gnu-toolchain/bin/../lib/gcc/arm-none-eabi/6.3.1/../../../../arm-none-eabi/lib/thumb/v7e-m\libc.a(lib_a-memset.o)
 .ARM.attributes
                0x0000061f       0x2e c:/program files (x86)/atmel/studio/7.0/toolchain/arm/arm-gnu-toolchain/bin/../lib/gcc/arm-none-eabi/6.3.1/../../../../arm-none-eabi/lib/thumb/v7e-m\libc.a(lib_a-mlock.o)
 .ARM.attributes
                0x0000064d       0x2e c:/program files (x86)/atmel/studio/7.0/toolchain/arm/arm-gnu-toolchain/bin/../lib/gcc/arm-none-eabi/6.3.1/../../../../arm-none-eabi/lib/thumb/v7e-m\libc.a(lib_a-sbrkr.o)
 .ARM.attributes
                0x0000067b       0x2e c:/program files (x86)/atmel/studio/7.0/toolchain/arm/arm-gnu-toolchain/bin/../lib/gcc/arm-none-eabi/6.3.1/../../../../arm-none-eabi/lib/thumb/v7e-m\libc.a(lib_a-sprintf.o)
 .ARM.attributes
                0x000006a9       0x2e c:/program files (x86)/atmel/studio/7.0/toolchain/arm/arm-gnu-toolchain/bin/../lib/gcc/arm-none-eabi/6.3.1/../../../../arm-none-eabi/lib/thumb/v7e-m\libc.a(lib_a-svfprintf.o)
 .ARM.attributes
                0x000006d7       0x2e c:/program files (x86)/atmel/studio/7.0/toolchain/arm/arm-gnu-toolchain/bin/../lib/gcc/arm-none-eabi/6.3.1/../../../../arm-none-eabi/lib/thumb/v7e-m\libc.a(lib_a-__call_atexit.o)
 .ARM.attributes
                0x00000705       0x2e c:/program files (x86)/atmel/studio/7.0/toolchain/arm/arm-gnu-toolchain/bin/../lib/gcc/arm-none-eabi/6.3.1/../../../../arm-none-eabi/lib/thumb/v7e-m\libc.a(lib_a-atexit.o)
 .ARM.attributes
                0x00000733       0x2e c:/program files (x86)/atmel/studio/7.0/toolchain/arm/arm-gnu-toolchain/bin/../lib/gcc/arm-none-eabi/6.3.1/../../../../arm-none-eabi/lib/thumb/v7e-m\libc.a(lib_a-dtoa.o)
 .ARM.attributes
                0x00000761       0x2e c:/program files (x86)/atmel/studio/7.0/toolchain/arm/arm-gnu-toolchain/bin/../lib/gcc/arm-none-eabi/6.3.1/../../../../arm-none-eabi/lib/thumb/v7e-m\libc.a(lib_a-fini.o)
 .ARM.attributes
                0x0000078f       0x2e c:/program files (x86)/atmel/studio/7.0/toolchain/arm/arm-gnu-toolchain/bin/../lib/gcc/arm-none-eabi/6.3.1/../../../../arm-none-eabi/lib/thumb/v7e-m\libc.a(lib_a-freer.o)
 .ARM.attributes
                0x000007bd       0x2e c:/program files (x86)/atmel/studio/7.0/toolchain/arm/arm-gnu-toolchain/bin/../lib/gcc/arm-none-eabi/6.3.1/../../../../arm-none-eabi/lib/thumb/v7e-m\libc.a(lib_a-localeconv.o)
 .ARM.attributes
                0x000007eb       0x2e c:/program files (x86)/atmel/studio/7.0/toolchain/arm/arm-gnu-toolchain/bin/../lib/gcc/arm-none-eabi/6.3.1/../../../../arm-none-eabi/lib/thumb/v7e-m\libc.a(lib_a-lock.o)
 .ARM.attributes
                0x00000819       0x1c c:/program files (x86)/atmel/studio/7.0/toolchain/arm/arm-gnu-toolchain/bin/../lib/gcc/arm-none-eabi/6.3.1/../../../../arm-none-eabi/lib/thumb/v7e-m\libc.a(lib_a-memchr.o)
 .ARM.attributes
                0x00000835       0x1c c:/program files (x86)/atmel/studio/7.0/toolchain/arm/arm-gnu-toolchain/bin/../lib/gcc/arm-none-eabi/6.3.1/../../../../arm-none-eabi/lib/thumb/v7e-m\libc.a(lib_a-memcpy.o)
 .ARM.attributes
                0x00000851       0x2e c:/program files (x86)/atmel/studio/7.0/toolchain/arm/arm-gnu-toolchain/bin/../lib/gcc/arm-none-eabi/6.3.1/../../../../arm-none-eabi/lib/thumb/v7e-m\libc.a(lib_a-mprec.o)
 .ARM.attributes
                0x0000087f       0x2e c:/program files (x86)/atmel/studio/7.0/toolchain/arm/arm-gnu-toolchain/bin/../lib/gcc/arm-none-eabi/6.3.1/../../../../arm-none-eabi/lib/thumb/v7e-m\libc.a(lib_a-reent.o)
 .ARM.attributes
                0x000008ad       0x1c c:/program files (x86)/atmel/studio/7.0/toolchain/arm/arm-gnu-toolchain/bin/../lib/gcc/arm-none-eabi/6.3.1/../../../../arm-none-eabi/lib/thumb/v7e-m\libc.a(lib_a-strlen.o)
 .ARM.attributes
                0x000008c9       0x2e c:/program files (x86)/atmel/studio/7.0/toolchain/arm/arm-gnu-toolchain/bin/../lib/gcc/arm-none-eabi/6.3.1/../../../../arm-none-eabi/lib/thumb/v7e-m\libc.a(lib_a-svfiprintf.o)
 .ARM.attributes
                0x000008f7       0x2e c:/program files (x86)/atmel/studio/7.0/toolchain/arm/arm-gnu-toolchain/bin/../lib/gcc/arm-none-eabi/6.3.1/../../../../arm-none-eabi/lib/thumb/v7e-m\libc.a(lib_a-__atexit.o)
 .ARM.attributes
                0x00000925       0x2e c:/program files (x86)/atmel/studio/7.0/toolchain/arm/arm-gnu-toolchain/bin/../lib/gcc/arm-none-eabi/6.3.1/../../../../arm-none-eabi/lib/thumb/v7e-m\libc.a(lib_a-callocr.o)
 .ARM.attributes
                0x00000953       0x2e c:/program files (x86)/atmel/studio/7.0/toolchain/arm/arm-gnu-toolchain/bin/../lib/gcc/arm-none-eabi/6.3.1/../../../../arm-none-eabi/lib/thumb/v7e-m\libc.a(lib_a-locale.o)
 .ARM.attributes
                0x00000981       0x2e c:/program files (x86)/atmel/studio/7.0/toolchain/arm/arm-gnu-toolchain/bin/../lib/gcc/arm-none-eabi/6.3.1/../../../../arm-none-eabi/lib/thumb/v7e-m\libc.a(lib_a-mbtowc_r.o)
 .ARM.attributes
                0x000009af       0x2e c:/program files (x86)/atmel/studio/7.0/toolchain/arm/arm-gnu-toolchain/bin/../lib/gcc/arm-none-eabi/6.3.1/../../../../arm-none-eabi/lib/thumb/v7e-m\libc.a(lib_a-memmove.o)
 .ARM.attributes
                0x000009dd       0x2e c:/program files (x86)/atmel/studio/7.0/toolchain/arm/arm-gnu-toolchain/bin/../lib/gcc/arm-none-eabi/6.3.1/../../../../arm-none-eabi/lib/thumb/v7e-m\libc.a(lib_a-reallocr.o)
 .ARM.attributes
                0x00000a0b       0x2e c:/program files (x86)/atmel/studio/7.0/toolchain/arm/arm-gnu-toolchain/bin/../lib/gcc/arm-none-eabi/6.3.1/../../../../arm-none-eabi/lib/thumb/v7e-m\libc.a(lib_a-wctomb_r.o)
 .ARM.attributes
                0x00000a39       0x2e c:/program files (x86)/atmel/studio/7.0/toolchain/arm/arm-gnu-toolchain/bin/../lib/gcc/arm-none-eabi/6.3.1/../../../../arm-none-eabi/lib/thumb/v7e-m\libc.a(lib_a-ctype_.o)
 .ARM.attributes
                0x00000a67       0x1e c:/program files (x86)/atmel/studio/7.0/toolchain/arm/arm-gnu-toolchain/bin/../lib/gcc/arm-none-eabi/6.3.1/thumb/v7e-m\libgcc.a(_arm_addsubdf3.o)
 .ARM.attributes
                0x00000a85       0x1e c:/program files (x86)/atmel/studio/7.0/toolchain/arm/arm-gnu-toolchain/bin/../lib/gcc/arm-none-eabi/6.3.1/thumb/v7e-m\libgcc.a(_arm_muldivdf3.o)
 .ARM.attributes
                0x00000aa3       0x1e c:/program files (x86)/atmel/studio/7.0/toolchain/arm/arm-gnu-toolchain/bin/../lib/gcc/arm-none-eabi/6.3.1/thumb/v7e-m\libgcc.a(_arm_cmpdf2.o)
 .ARM.attributes
                0x00000ac1       0x1e c:/program files (x86)/atmel/studio/7.0/toolchain/arm/arm-gnu-toolchain/bin/../lib/gcc/arm-none-eabi/6.3.1/thumb/v7e-m\libgcc.a(_arm_unorddf2.o)
 .ARM.attributes
                0x00000adf       0x1e c:/program files (x86)/atmel/studio/7.0/toolchain/arm/arm-gnu-toolchain/bin/../lib/gcc/arm-none-eabi/6.3.1/thumb/v7e-m\libgcc.a(_arm_fixdfsi.o)
 .ARM.attributes
                0x00000afd       0x1e c:/program files (x86)/atmel/studio/7.0/toolchain/arm/arm-gnu-toolchain/bin/../lib/gcc/arm-none-eabi/6.3.1/thumb/v7e-m/crtn.o

.comment        0x00000000       0x59
 .comment       0x00000000       0x59 src/ASF/sam/drivers/rtc/rtc.o
                                 0x5a (size before relaxing)
 .comment       0x00000059       0x5a src/ASF/sam/drivers/rtt/rtt.o
 .comment       0x00000059       0x5a src/ASF/sam/drivers/spi/spi.o
 .comment       0x00000059       0x5a src/ASF/sam/drivers/tc/tc.o
 .comment       0x00000059       0x5a src/oled/gfx_mono_framebuffer.o
 .comment       0x00000059       0x5a src/oled/gfx_mono_generic.o
 .comment       0x00000059       0x5a src/oled/gfx_mono_text.o
 .comment       0x00000059       0x5a src/oled/gfx_mono_ug_2832hsweg04.o
 .comment       0x00000059       0x5a src/oled/ssd1306.o
 .comment       0x00000059       0x5a src/oled/sysfont.o
 .comment       0x00000059       0x5a src/ASF/common/services/delay/sam/cycle_counter.o
 .comment       0x00000059       0x5a src/ASF/common/services/clock/same70/sysclk.o
 .comment       0x00000059       0x5a src/ASF/common/utils/interrupt/interrupt_sam_nvic.o
 .comment       0x00000059       0x5a src/ASF/sam/drivers/pio/pio.o
 .comment       0x00000059       0x5a src/ASF/sam/drivers/pio/pio_handler.o
 .comment       0x00000059       0x5a src/ASF/sam/drivers/pmc/pmc.o
 .comment       0x00000059       0x5a src/ASF/sam/drivers/pmc/sleep.o
 .comment       0x00000059       0x5a src/ASF/sam/utils/cmsis/same70/source/templates/gcc/startup_same70.o
 .comment       0x00000059       0x5a src/ASF/sam/utils/cmsis/same70/source/templates/system_same70.o
 .comment       0x00000059       0x5a src/ASF/sam/utils/syscalls/gcc/syscalls.o
 .comment       0x00000059       0x5a src/main.o

.debug_info     0x00000000    0x184ae
 .debug_info    0x00000000     0x10e8 src/ASF/sam/drivers/rtc/rtc.o
 .debug_info    0x000010e8      0xcaf src/ASF/sam/drivers/rtt/rtt.o
 .debug_info    0x00001d97     0x10ff src/ASF/sam/drivers/spi/spi.o
 .debug_info    0x00002e96     0x1249 src/ASF/sam/drivers/tc/tc.o
 .debug_info    0x000040df      0xd75 src/oled/gfx_mono_framebuffer.o
 .debug_info    0x00004e54     0x114a src/oled/gfx_mono_generic.o
 .debug_info    0x00005f9e      0xeb8 src/oled/gfx_mono_text.o
 .debug_info    0x00006e56      0xf32 src/oled/gfx_mono_ug_2832hsweg04.o
 .debug_info    0x00007d88     0x1c29 src/oled/ssd1306.o
 .debug_info    0x000099b1      0xb06 src/oled/sysfont.o
 .debug_info    0x0000a4b7      0xa45 src/ASF/common/services/delay/sam/cycle_counter.o
 .debug_info    0x0000aefc     0x12d4 src/ASF/common/services/clock/same70/sysclk.o
 .debug_info    0x0000c1d0      0xb06 src/ASF/common/utils/interrupt/interrupt_sam_nvic.o
 .debug_info    0x0000ccd6     0x1cbf src/ASF/sam/drivers/pio/pio.o
 .debug_info    0x0000e995     0x1a18 src/ASF/sam/drivers/pio/pio_handler.o
 .debug_info    0x000103ad     0x1df9 src/ASF/sam/drivers/pmc/pmc.o
 .debug_info    0x000121a6     0x1635 src/ASF/sam/drivers/pmc/sleep.o
 .debug_info    0x000137db     0x157c src/ASF/sam/utils/cmsis/same70/source/templates/gcc/startup_same70.o
 .debug_info    0x00014d57      0x55f src/ASF/sam/utils/cmsis/same70/source/templates/system_same70.o
 .debug_info    0x000152b6      0xdbc src/ASF/sam/utils/syscalls/gcc/syscalls.o
 .debug_info    0x00016072     0x243c src/main.o

.debug_abbrev   0x00000000     0x336e
 .debug_abbrev  0x00000000      0x24a src/ASF/sam/drivers/rtc/rtc.o
 .debug_abbrev  0x0000024a      0x203 src/ASF/sam/drivers/rtt/rtt.o
 .debug_abbrev  0x0000044d      0x2c2 src/ASF/sam/drivers/spi/spi.o
 .debug_abbrev  0x0000070f      0x24a src/ASF/sam/drivers/tc/tc.o
 .debug_abbrev  0x00000959      0x217 src/oled/gfx_mono_framebuffer.o
 .debug_abbrev  0x00000b70      0x26b src/oled/gfx_mono_generic.o
 .debug_abbrev  0x00000ddb      0x281 src/oled/gfx_mono_text.o
 .debug_abbrev  0x0000105c      0x2b6 src/oled/gfx_mono_ug_2832hsweg04.o
 .debug_abbrev  0x00001312      0x3de src/oled/ssd1306.o
 .debug_abbrev  0x000016f0      0x1b6 src/oled/sysfont.o
 .debug_abbrev  0x000018a6      0x1b3 src/ASF/common/services/delay/sam/cycle_counter.o
 .debug_abbrev  0x00001a59      0x296 src/ASF/common/services/clock/same70/sysclk.o
 .debug_abbrev  0x00001cef      0x214 src/ASF/common/utils/interrupt/interrupt_sam_nvic.o
 .debug_abbrev  0x00001f03      0x296 src/ASF/sam/drivers/pio/pio.o
 .debug_abbrev  0x00002199      0x2c9 src/ASF/sam/drivers/pio/pio_handler.o
 .debug_abbrev  0x00002462      0x2c5 src/ASF/sam/drivers/pmc/pmc.o
 .debug_abbrev  0x00002727      0x2df src/ASF/sam/drivers/pmc/sleep.o
 .debug_abbrev  0x00002a06      0x2e8 src/ASF/sam/utils/cmsis/same70/source/templates/gcc/startup_same70.o
 .debug_abbrev  0x00002cee      0x102 src/ASF/sam/utils/cmsis/same70/source/templates/system_same70.o
 .debug_abbrev  0x00002df0      0x22a src/ASF/sam/utils/syscalls/gcc/syscalls.o
 .debug_abbrev  0x0000301a      0x354 src/main.o

.debug_loc      0x00000000     0x6888
 .debug_loc     0x00000000      0x730 src/ASF/sam/drivers/rtc/rtc.o
 .debug_loc     0x00000730      0x330 src/ASF/sam/drivers/rtt/rtt.o
 .debug_loc     0x00000a60      0x630 src/ASF/sam/drivers/spi/spi.o
 .debug_loc     0x00001090      0x844 src/ASF/sam/drivers/tc/tc.o
 .debug_loc     0x000018d4      0x2bc src/oled/gfx_mono_framebuffer.o
 .debug_loc     0x00001b90      0x280 src/oled/gfx_mono_generic.o
 .debug_loc     0x00001e10      0x1f8 src/oled/gfx_mono_text.o
 .debug_loc     0x00002008      0x3c0 src/oled/gfx_mono_ug_2832hsweg04.o
 .debug_loc     0x000023c8      0x6e8 src/oled/ssd1306.o
 .debug_loc     0x00002ab0      0x4a0 src/ASF/common/services/clock/same70/sysclk.o
 .debug_loc     0x00002f50       0xa0 src/ASF/common/utils/interrupt/interrupt_sam_nvic.o
 .debug_loc     0x00002ff0     0x1174 src/ASF/sam/drivers/pio/pio.o
 .debug_loc     0x00004164      0x38c src/ASF/sam/drivers/pio/pio_handler.o
 .debug_loc     0x000044f0     0x172c src/ASF/sam/drivers/pmc/pmc.o
 .debug_loc     0x00005c1c       0xe6 src/ASF/sam/drivers/pmc/sleep.o
 .debug_loc     0x00005d02      0x16c src/ASF/sam/utils/cmsis/same70/source/templates/gcc/startup_same70.o
 .debug_loc     0x00005e6e       0xe4 src/ASF/sam/utils/cmsis/same70/source/templates/system_same70.o
 .debug_loc     0x00005f52      0x300 src/ASF/sam/utils/syscalls/gcc/syscalls.o
 .debug_loc     0x00006252      0x636 src/main.o

.debug_aranges  0x00000000      0xbf8
 .debug_aranges
                0x00000000       0xb8 src/ASF/sam/drivers/rtc/rtc.o
 .debug_aranges
                0x000000b8       0x60 src/ASF/sam/drivers/rtt/rtt.o
 .debug_aranges
                0x00000118       0xa8 src/ASF/sam/drivers/spi/spi.o
 .debug_aranges
                0x000001c0       0xd0 src/ASF/sam/drivers/tc/tc.o
 .debug_aranges
                0x00000290       0x58 src/oled/gfx_mono_framebuffer.o
 .debug_aranges
                0x000002e8       0x58 src/oled/gfx_mono_generic.o
 .debug_aranges
                0x00000340       0x48 src/oled/gfx_mono_text.o
 .debug_aranges
                0x00000388       0x78 src/oled/gfx_mono_ug_2832hsweg04.o
 .debug_aranges
                0x00000400       0xd0 src/oled/ssd1306.o
 .debug_aranges
                0x000004d0       0x18 src/oled/sysfont.o
 .debug_aranges
                0x000004e8       0x20 src/ASF/common/services/delay/sam/cycle_counter.o
 .debug_aranges
                0x00000508       0x98 src/ASF/common/services/clock/same70/sysclk.o
 .debug_aranges
                0x000005a0       0x28 src/ASF/common/utils/interrupt/interrupt_sam_nvic.o
 .debug_aranges
                0x000005c8      0x1a8 src/ASF/sam/drivers/pio/pio.o
 .debug_aranges
                0x00000770       0x80 src/ASF/sam/drivers/pio/pio_handler.o
 .debug_aranges
                0x000007f0      0x250 src/ASF/sam/drivers/pmc/pmc.o
 .debug_aranges
                0x00000a40       0x30 src/ASF/sam/drivers/pmc/sleep.o
 .debug_aranges
                0x00000a70       0x40 src/ASF/sam/utils/cmsis/same70/source/templates/gcc/startup_same70.o
 .debug_aranges
                0x00000ab0       0x30 src/ASF/sam/utils/cmsis/same70/source/templates/system_same70.o
 .debug_aranges
                0x00000ae0       0x60 src/ASF/sam/utils/syscalls/gcc/syscalls.o
 .debug_aranges
                0x00000b40       0xb8 src/main.o

.debug_ranges   0x00000000      0xae8
 .debug_ranges  0x00000000       0xa8 src/ASF/sam/drivers/rtc/rtc.o
 .debug_ranges  0x000000a8       0x50 src/ASF/sam/drivers/rtt/rtt.o
 .debug_ranges  0x000000f8       0x98 src/ASF/sam/drivers/spi/spi.o
 .debug_ranges  0x00000190       0xc0 src/ASF/sam/drivers/tc/tc.o
 .debug_ranges  0x00000250       0x48 src/oled/gfx_mono_framebuffer.o
 .debug_ranges  0x00000298       0x48 src/oled/gfx_mono_generic.o
 .debug_ranges  0x000002e0       0x38 src/oled/gfx_mono_text.o
 .debug_ranges  0x00000318       0x68 src/oled/gfx_mono_ug_2832hsweg04.o
 .debug_ranges  0x00000380      0x108 src/oled/ssd1306.o
 .debug_ranges  0x00000488       0x10 src/ASF/common/services/delay/sam/cycle_counter.o
 .debug_ranges  0x00000498       0x88 src/ASF/common/services/clock/same70/sysclk.o
 .debug_ranges  0x00000520       0x18 src/ASF/common/utils/interrupt/interrupt_sam_nvic.o
 .debug_ranges  0x00000538      0x198 src/ASF/sam/drivers/pio/pio.o
 .debug_ranges  0x000006d0       0x70 src/ASF/sam/drivers/pio/pio_handler.o
 .debug_ranges  0x00000740      0x240 src/ASF/sam/drivers/pmc/pmc.o
 .debug_ranges  0x00000980       0x20 src/ASF/sam/drivers/pmc/sleep.o
 .debug_ranges  0x000009a0       0x30 src/ASF/sam/utils/cmsis/same70/source/templates/gcc/startup_same70.o
 .debug_ranges  0x000009d0       0x20 src/ASF/sam/utils/cmsis/same70/source/templates/system_same70.o
 .debug_ranges  0x000009f0       0x50 src/ASF/sam/utils/syscalls/gcc/syscalls.o
 .debug_ranges  0x00000a40       0xa8 src/main.o

.debug_macro    0x00000000    0x21d82
 .debug_macro   0x00000000      0x678 src/ASF/sam/drivers/rtc/rtc.o
 .debug_macro   0x00000678      0x8ce src/ASF/sam/drivers/rtc/rtc.o
 .debug_macro   0x00000f46      0x16d src/ASF/sam/drivers/rtc/rtc.o
 .debug_macro   0x000010b3      0x64b src/ASF/sam/drivers/rtc/rtc.o
 .debug_macro   0x000016fe       0x76 src/ASF/sam/drivers/rtc/rtc.o
 .debug_macro   0x00001774       0x16 src/ASF/sam/drivers/rtc/rtc.o
 .debug_macro   0x0000178a      0x6e4 src/ASF/sam/drivers/rtc/rtc.o
 .debug_macro   0x00001e6e       0x22 src/ASF/sam/drivers/rtc/rtc.o
 .debug_macro   0x00001e90       0x87 src/ASF/sam/drivers/rtc/rtc.o
 .debug_macro   0x00001f17       0x51 src/ASF/sam/drivers/rtc/rtc.o
 .debug_macro   0x00001f68       0xef src/ASF/sam/drivers/rtc/rtc.o
 .debug_macro   0x00002057       0x6a src/ASF/sam/drivers/rtc/rtc.o
 .debug_macro   0x000020c1      0x1df src/ASF/sam/drivers/rtc/rtc.o
 .debug_macro   0x000022a0       0x4a src/ASF/sam/drivers/rtc/rtc.o
 .debug_macro   0x000022ea       0x3b src/ASF/sam/drivers/rtc/rtc.o
 .debug_macro   0x00002325       0x2d src/ASF/sam/drivers/rtc/rtc.o
 .debug_macro   0x00002352       0x26 src/ASF/sam/drivers/rtc/rtc.o
 .debug_macro   0x00002378      0xf9a src/ASF/sam/drivers/rtc/rtc.o
 .debug_macro   0x00003312      0x175 src/ASF/sam/drivers/rtc/rtc.o
 .debug_macro   0x00003487      0x257 src/ASF/sam/drivers/rtc/rtc.o
 .debug_macro   0x000036de      0xa0f src/ASF/sam/drivers/rtc/rtc.o
 .debug_macro   0x000040ed      0x1b9 src/ASF/sam/drivers/rtc/rtc.o
 .debug_macro   0x000042a6      0x336 src/ASF/sam/drivers/rtc/rtc.o
 .debug_macro   0x000045dc      0x15b src/ASF/sam/drivers/rtc/rtc.o
 .debug_macro   0x00004737     0x1851 src/ASF/sam/drivers/rtc/rtc.o
 .debug_macro   0x00005f88       0x1c src/ASF/sam/drivers/rtc/rtc.o
 .debug_macro   0x00005fa4      0x68d src/ASF/sam/drivers/rtc/rtc.o
 .debug_macro   0x00006631      0x31e src/ASF/sam/drivers/rtc/rtc.o
 .debug_macro   0x0000694f      0x4d4 src/ASF/sam/drivers/rtc/rtc.o
 .debug_macro   0x00006e23      0x56e src/ASF/sam/drivers/rtc/rtc.o
 .debug_macro   0x00007391     0x1332 src/ASF/sam/drivers/rtc/rtc.o
 .debug_macro   0x000086c3     0x278d src/ASF/sam/drivers/rtc/rtc.o
 .debug_macro   0x0000ae50     0x102b src/ASF/sam/drivers/rtc/rtc.o
 .debug_macro   0x0000be7b      0xe01 src/ASF/sam/drivers/rtc/rtc.o
 .debug_macro   0x0000cc7c      0x3b1 src/ASF/sam/drivers/rtc/rtc.o
 .debug_macro   0x0000d02d       0xa0 src/ASF/sam/drivers/rtc/rtc.o
 .debug_macro   0x0000d0cd       0x76 src/ASF/sam/drivers/rtc/rtc.o
 .debug_macro   0x0000d143      0x409 src/ASF/sam/drivers/rtc/rtc.o
 .debug_macro   0x0000d54c       0x64 src/ASF/sam/drivers/rtc/rtc.o
 .debug_macro   0x0000d5b0      0x284 src/ASF/sam/drivers/rtc/rtc.o
 .debug_macro   0x0000d834      0x1d0 src/ASF/sam/drivers/rtc/rtc.o
 .debug_macro   0x0000da04      0x248 src/ASF/sam/drivers/rtc/rtc.o
 .debug_macro   0x0000dc4c      0x524 src/ASF/sam/drivers/rtc/rtc.o
 .debug_macro   0x0000e170      0x63b src/ASF/sam/drivers/rtc/rtc.o
 .debug_macro   0x0000e7ab      0x6b8 src/ASF/sam/drivers/rtc/rtc.o
 .debug_macro   0x0000ee63       0x4c src/ASF/sam/drivers/rtc/rtc.o
 .debug_macro   0x0000eeaf      0x468 src/ASF/sam/drivers/rtc/rtc.o
 .debug_macro   0x0000f317      0x207 src/ASF/sam/drivers/rtc/rtc.o
 .debug_macro   0x0000f51e      0x866 src/ASF/sam/drivers/rtc/rtc.o
 .debug_macro   0x0000fd84     0x1547 src/ASF/sam/drivers/rtc/rtc.o
 .debug_macro   0x000112cb       0x40 src/ASF/sam/drivers/rtc/rtc.o
 .debug_macro   0x0001130b       0x76 src/ASF/sam/drivers/rtc/rtc.o
 .debug_macro   0x00011381      0xdaf src/ASF/sam/drivers/rtc/rtc.o
 .debug_macro   0x00012130       0x82 src/ASF/sam/drivers/rtc/rtc.o
 .debug_macro   0x000121b2       0x76 src/ASF/sam/drivers/rtc/rtc.o
 .debug_macro   0x00012228       0x4c src/ASF/sam/drivers/rtc/rtc.o
 .debug_macro   0x00012274      0x135 src/ASF/sam/drivers/rtc/rtc.o
 .debug_macro   0x000123a9      0x135 src/ASF/sam/drivers/rtc/rtc.o
 .debug_macro   0x000124de      0x135 src/ASF/sam/drivers/rtc/rtc.o
 .debug_macro   0x00012613       0x6a src/ASF/sam/drivers/rtc/rtc.o
 .debug_macro   0x0001267d       0x6a src/ASF/sam/drivers/rtc/rtc.o
 .debug_macro   0x000126e7      0x313 src/ASF/sam/drivers/rtc/rtc.o
 .debug_macro   0x000129fa       0xb2 src/ASF/sam/drivers/rtc/rtc.o
 .debug_macro   0x00012aac       0xb2 src/ASF/sam/drivers/rtc/rtc.o
 .debug_macro   0x00012b5e       0xb2 src/ASF/sam/drivers/rtc/rtc.o
 .debug_macro   0x00012c10      0x11d src/ASF/sam/drivers/rtc/rtc.o
 .debug_macro   0x00012d2d      0x11d src/ASF/sam/drivers/rtc/rtc.o
 .debug_macro   0x00012e4a      0x2cd src/ASF/sam/drivers/rtc/rtc.o
 .debug_macro   0x00013117       0xb8 src/ASF/sam/drivers/rtc/rtc.o
 .debug_macro   0x000131cf       0x5e src/ASF/sam/drivers/rtc/rtc.o
 .debug_macro   0x0001322d       0x40 src/ASF/sam/drivers/rtc/rtc.o
 .debug_macro   0x0001326d       0x4c src/ASF/sam/drivers/rtc/rtc.o
 .debug_macro   0x000132b9       0xa0 src/ASF/sam/drivers/rtc/rtc.o
 .debug_macro   0x00013359      0x494 src/ASF/sam/drivers/rtc/rtc.o
 .debug_macro   0x000137ed      0x135 src/ASF/sam/drivers/rtc/rtc.o
 .debug_macro   0x00013922       0x4c src/ASF/sam/drivers/rtc/rtc.o
 .debug_macro   0x0001396e      0x313 src/ASF/sam/drivers/rtc/rtc.o
 .debug_macro   0x00013c81       0x6a src/ASF/sam/drivers/rtc/rtc.o
 .debug_macro   0x00013ceb       0xb8 src/ASF/sam/drivers/rtc/rtc.o
 .debug_macro   0x00013da3       0x6a src/ASF/sam/drivers/rtc/rtc.o
 .debug_macro   0x00013e0d       0x2e src/ASF/sam/drivers/rtc/rtc.o
 .debug_macro   0x00013e3b      0x9b1 src/ASF/sam/drivers/rtc/rtc.o
 .debug_macro   0x000147ec       0x6a src/ASF/sam/drivers/rtc/rtc.o
 .debug_macro   0x00014856       0x88 src/ASF/sam/drivers/rtc/rtc.o
 .debug_macro   0x000148de       0x58 src/ASF/sam/drivers/rtc/rtc.o
 .debug_macro   0x00014936       0xe2 src/ASF/sam/drivers/rtc/rtc.o
 .debug_macro   0x00014a18       0x16 src/ASF/sam/drivers/rtc/rtc.o
 .debug_macro   0x00014a2e       0xe2 src/ASF/sam/drivers/rtc/rtc.o
 .debug_macro   0x00014b10       0x4c src/ASF/sam/drivers/rtc/rtc.o
 .debug_macro   0x00014b5c       0x16 src/ASF/sam/drivers/rtc/rtc.o
 .debug_macro   0x00014b72       0x4c src/ASF/sam/drivers/rtc/rtc.o
 .debug_macro   0x00014bbe       0x2e src/ASF/sam/drivers/rtc/rtc.o
 .debug_macro   0x00014bec      0x1b5 src/ASF/sam/drivers/rtc/rtc.o
 .debug_macro   0x00014da1      0x1b5 src/ASF/sam/drivers/rtc/rtc.o
 .debug_macro   0x00014f56      0x1b5 src/ASF/sam/drivers/rtc/rtc.o
 .debug_macro   0x0001510b      0x1b5 src/ASF/sam/drivers/rtc/rtc.o
 .debug_macro   0x000152c0      0x1b5 src/ASF/sam/drivers/rtc/rtc.o
 .debug_macro   0x00015475       0x1c src/ASF/sam/drivers/rtc/rtc.o
 .debug_macro   0x00015491       0x2e src/ASF/sam/drivers/rtc/rtc.o
 .debug_macro   0x000154bf       0x22 src/ASF/sam/drivers/rtc/rtc.o
 .debug_macro   0x000154e1       0x1c src/ASF/sam/drivers/rtc/rtc.o
 .debug_macro   0x000154fd       0x52 src/ASF/sam/drivers/rtc/rtc.o
 .debug_macro   0x0001554f       0x10 src/ASF/sam/drivers/rtc/rtc.o
 .debug_macro   0x0001555f       0x1c src/ASF/sam/drivers/rtc/rtc.o
 .debug_macro   0x0001557b       0x4c src/ASF/sam/drivers/rtc/rtc.o
 .debug_macro   0x000155c7       0x4c src/ASF/sam/drivers/rtc/rtc.o
 .debug_macro   0x00015613       0x4c src/ASF/sam/drivers/rtc/rtc.o
 .debug_macro   0x0001565f      0x31b src/ASF/sam/drivers/rtc/rtc.o
 .debug_macro   0x0001597a     0x1022 src/ASF/sam/drivers/rtc/rtc.o
 .debug_macro   0x0001699c      0x107 src/ASF/sam/drivers/rtc/rtc.o
 .debug_macro   0x00016aa3       0x58 src/ASF/sam/drivers/rtc/rtc.o
 .debug_macro   0x00016afb       0x35 src/ASF/sam/drivers/rtc/rtc.o
 .debug_macro   0x00016b30       0x9c src/ASF/sam/drivers/rtc/rtc.o
 .debug_macro   0x00016bcc       0x16 src/ASF/sam/drivers/rtc/rtc.o
 .debug_macro   0x00016be2       0x35 src/ASF/sam/drivers/rtc/rtc.o
 .debug_macro   0x00016c17      0x353 src/ASF/sam/drivers/rtc/rtc.o
 .debug_macro   0x00016f6a       0x10 src/ASF/sam/drivers/rtc/rtc.o
 .debug_macro   0x00016f7a       0x58 src/ASF/sam/drivers/rtc/rtc.o
 .debug_macro   0x00016fd2       0x1f src/ASF/sam/drivers/rtc/rtc.o
 .debug_macro   0x00016ff1       0x43 src/ASF/sam/drivers/rtc/rtc.o
 .debug_macro   0x00017034       0x20 src/ASF/sam/drivers/rtc/rtc.o
 .debug_macro   0x00017054      0x187 src/ASF/sam/drivers/rtc/rtc.o
 .debug_macro   0x000171db       0x10 src/ASF/sam/drivers/rtc/rtc.o
 .debug_macro   0x000171eb       0x1c src/ASF/sam/drivers/rtc/rtc.o
 .debug_macro   0x00017207       0x52 src/ASF/sam/drivers/rtc/rtc.o
 .debug_macro   0x00017259       0x40 src/ASF/sam/drivers/rtc/rtc.o
 .debug_macro   0x00017299       0x10 src/ASF/sam/drivers/rtc/rtc.o
 .debug_macro   0x000172a9       0x40 src/ASF/sam/drivers/rtc/rtc.o
 .debug_macro   0x000172e9       0xd7 src/ASF/sam/drivers/rtc/rtc.o
 .debug_macro   0x000173c0       0x16 src/ASF/sam/drivers/rtc/rtc.o
 .debug_macro   0x000173d6      0x18b src/ASF/sam/drivers/rtc/rtc.o
 .debug_macro   0x00017561       0x22 src/ASF/sam/drivers/rtc/rtc.o
 .debug_macro   0x00017583       0x16 src/ASF/sam/drivers/rtc/rtc.o
 .debug_macro   0x00017599       0x16 src/ASF/sam/drivers/rtc/rtc.o
 .debug_macro   0x000175af       0x29 src/ASF/sam/drivers/rtc/rtc.o
 .debug_macro   0x000175d8       0x75 src/ASF/sam/drivers/rtc/rtc.o
 .debug_macro   0x0001764d       0x3f src/ASF/sam/drivers/rtc/rtc.o
 .debug_macro   0x0001768c      0x3ca src/ASF/sam/drivers/rtc/rtc.o
 .debug_macro   0x00017a56      0x660 src/ASF/sam/drivers/rtt/rtt.o
 .debug_macro   0x000180b6      0x6d9 src/ASF/sam/drivers/spi/spi.o
 .debug_macro   0x0001878f       0x10 src/ASF/sam/drivers/spi/spi.o
 .debug_macro   0x0001879f       0x3a src/ASF/sam/drivers/spi/spi.o
 .debug_macro   0x000187d9      0x2c6 src/ASF/sam/drivers/spi/spi.o
 .debug_macro   0x00018a9f      0xa96 src/ASF/sam/drivers/spi/spi.o
 .debug_macro   0x00019535       0x70 src/ASF/sam/drivers/spi/spi.o
 .debug_macro   0x000195a5       0x64 src/ASF/sam/drivers/spi/spi.o
 .debug_macro   0x00019609       0x5f src/ASF/sam/drivers/spi/spi.o
 .debug_macro   0x00019668       0xac src/ASF/sam/drivers/spi/spi.o
 .debug_macro   0x00019714      0x66d src/ASF/sam/drivers/tc/tc.o
 .debug_macro   0x00019d81       0x52 src/ASF/sam/drivers/tc/tc.o
 .debug_macro   0x00019dd3       0x8d src/ASF/sam/drivers/tc/tc.o
 .debug_macro   0x00019e60       0x16 src/ASF/sam/drivers/tc/tc.o
 .debug_macro   0x00019e76       0x57 src/ASF/sam/drivers/tc/tc.o
 .debug_macro   0x00019ecd       0x1c src/ASF/sam/drivers/tc/tc.o
 .debug_macro   0x00019ee9      0x7e6 src/oled/gfx_mono_framebuffer.o
 .debug_macro   0x0001a6cf       0x50 src/oled/gfx_mono_framebuffer.o
 .debug_macro   0x0001a71f       0x22 src/oled/gfx_mono_framebuffer.o
 .debug_macro   0x0001a741       0x7b src/oled/gfx_mono_framebuffer.o
 .debug_macro   0x0001a7bc       0x28 src/oled/gfx_mono_framebuffer.o
 .debug_macro   0x0001a7e4       0x23 src/oled/gfx_mono_framebuffer.o
 .debug_macro   0x0001a807       0x94 src/oled/gfx_mono_framebuffer.o
 .debug_macro   0x0001a89b       0x40 src/oled/gfx_mono_framebuffer.o
 .debug_macro   0x0001a8db       0x88 src/oled/gfx_mono_framebuffer.o
 .debug_macro   0x0001a963      0x1ce src/oled/gfx_mono_framebuffer.o
 .debug_macro   0x0001ab31       0x34 src/oled/gfx_mono_framebuffer.o
 .debug_macro   0x0001ab65       0x16 src/oled/gfx_mono_framebuffer.o
 .debug_macro   0x0001ab7b       0x1c src/oled/gfx_mono_framebuffer.o
 .debug_macro   0x0001ab97       0x16 src/oled/gfx_mono_framebuffer.o
 .debug_macro   0x0001abad       0x28 src/oled/gfx_mono_framebuffer.o
 .debug_macro   0x0001abd5       0xd1 src/oled/gfx_mono_framebuffer.o
 .debug_macro   0x0001aca6       0x8b src/oled/gfx_mono_framebuffer.o
 .debug_macro   0x0001ad31      0x7e6 src/oled/gfx_mono_generic.o
 .debug_macro   0x0001b517      0x7ff src/oled/gfx_mono_text.o
 .debug_macro   0x0001bd16      0x7ea src/oled/gfx_mono_ug_2832hsweg04.o
 .debug_macro   0x0001c500       0x28 src/oled/gfx_mono_ug_2832hsweg04.o
 .debug_macro   0x0001c528      0x7c0 src/oled/ssd1306.o
 .debug_macro   0x0001cce8      0x69c src/oled/sysfont.o
 .debug_macro   0x0001d384       0x3a src/oled/sysfont.o
 .debug_macro   0x0001d3be      0x665 src/ASF/common/services/delay/sam/cycle_counter.o
 .debug_macro   0x0001da23       0x22 src/ASF/common/services/delay/sam/cycle_counter.o
 .debug_macro   0x0001da45      0x6d1 src/ASF/common/services/clock/same70/sysclk.o
 .debug_macro   0x0001e116      0x2c0 src/ASF/common/services/clock/same70/sysclk.o
 .debug_macro   0x0001e3d6      0x655 src/ASF/common/utils/interrupt/interrupt_sam_nvic.o
 .debug_macro   0x0001ea2b      0x66b src/ASF/sam/drivers/pio/pio.o
 .debug_macro   0x0001f096       0x8e src/ASF/sam/drivers/pio/pio.o
 .debug_macro   0x0001f124      0x676 src/ASF/sam/drivers/pio/pio_handler.o
 .debug_macro   0x0001f79a      0x66b src/ASF/sam/drivers/pmc/pmc.o
 .debug_macro   0x0001fe05       0x6a src/ASF/sam/drivers/pmc/pmc.o
 .debug_macro   0x0001fe6f      0x684 src/ASF/sam/drivers/pmc/sleep.o
 .debug_macro   0x000204f3      0x664 src/ASF/sam/utils/cmsis/same70/source/templates/gcc/startup_same70.o
 .debug_macro   0x00020b57       0x10 src/ASF/sam/utils/cmsis/same70/source/templates/gcc/startup_same70.o
 .debug_macro   0x00020b67      0x455 src/ASF/sam/utils/cmsis/same70/source/templates/system_same70.o
 .debug_macro   0x00020fbc      0x1d6 src/ASF/sam/utils/syscalls/gcc/syscalls.o
 .debug_macro   0x00021192       0x97 src/ASF/sam/utils/syscalls/gcc/syscalls.o
 .debug_macro   0x00021229       0xf6 src/ASF/sam/utils/syscalls/gcc/syscalls.o
 .debug_macro   0x0002131f       0x4c src/ASF/sam/utils/syscalls/gcc/syscalls.o
 .debug_macro   0x0002136b       0x16 src/ASF/sam/utils/syscalls/gcc/syscalls.o
 .debug_macro   0x00021381       0x10 src/ASF/sam/utils/syscalls/gcc/syscalls.o
 .debug_macro   0x00021391       0x10 src/ASF/sam/utils/syscalls/gcc/syscalls.o
 .debug_macro   0x000213a1       0x35 src/ASF/sam/utils/syscalls/gcc/syscalls.o
 .debug_macro   0x000213d6      0x122 src/ASF/sam/utils/syscalls/gcc/syscalls.o
 .debug_macro   0x000214f8      0x88a src/main.o

.debug_line     0x00000000    0x10157
 .debug_line    0x00000000      0xbf4 src/ASF/sam/drivers/rtc/rtc.o
 .debug_line    0x00000bf4      0xa7b src/ASF/sam/drivers/rtt/rtt.o
 .debug_line    0x0000166f      0xc9d src/ASF/sam/drivers/spi/spi.o
 .debug_line    0x0000230c      0xb8c src/ASF/sam/drivers/tc/tc.o
 .debug_line    0x00002e98      0xe96 src/oled/gfx_mono_framebuffer.o
 .debug_line    0x00003d2e      0xf5b src/oled/gfx_mono_generic.o
 .debug_line    0x00004c89      0xeb9 src/oled/gfx_mono_text.o
 .debug_line    0x00005b42      0xf43 src/oled/gfx_mono_ug_2832hsweg04.o
 .debug_line    0x00006a85     0x1002 src/oled/ssd1306.o
 .debug_line    0x00007a87      0xa1b src/oled/sysfont.o
 .debug_line    0x000084a2      0x9ed src/ASF/common/services/delay/sam/cycle_counter.o
 .debug_line    0x00008e8f      0xc67 src/ASF/common/services/clock/same70/sysclk.o
 .debug_line    0x00009af6      0xa09 src/ASF/common/utils/interrupt/interrupt_sam_nvic.o
 .debug_line    0x0000a4ff      0xe17 src/ASF/sam/drivers/pio/pio.o
 .debug_line    0x0000b316      0xb18 src/ASF/sam/drivers/pio/pio_handler.o
 .debug_line    0x0000be2e     0x10dc src/ASF/sam/drivers/pmc/pmc.o
 .debug_line    0x0000cf0a      0xb5d src/ASF/sam/drivers/pmc/sleep.o
 .debug_line    0x0000da67      0xac0 src/ASF/sam/utils/cmsis/same70/source/templates/gcc/startup_same70.o
 .debug_line    0x0000e527      0x820 src/ASF/sam/utils/cmsis/same70/source/templates/system_same70.o
 .debug_line    0x0000ed47      0x417 src/ASF/sam/utils/syscalls/gcc/syscalls.o
 .debug_line    0x0000f15e      0xff9 src/main.o

.debug_str      0x00000000    0x90510
 .debug_str     0x00000000    0x81bb0 src/ASF/sam/drivers/rtc/rtc.o
                              0x8226f (size before relaxing)
 .debug_str     0x00081bb0      0x132 src/ASF/sam/drivers/rtt/rtt.o
                              0x82032 (size before relaxing)
 .debug_str     0x00081ce2     0x4607 src/ASF/sam/drivers/spi/spi.o
                              0x86547 (size before relaxing)
 .debug_str     0x000862e9      0x2fc src/ASF/sam/drivers/tc/tc.o
                              0x82290 (size before relaxing)
 .debug_str     0x000865e5     0x2abe src/oled/gfx_mono_framebuffer.o
                              0x88c43 (size before relaxing)
 .debug_str     0x000890a3      0x25c src/oled/gfx_mono_generic.o
                              0x88d87 (size before relaxing)
 .debug_str     0x000892ff      0x1f0 src/oled/gfx_mono_text.o
                              0x88d62 (size before relaxing)
 .debug_str     0x000894ef      0x11c src/oled/gfx_mono_ug_2832hsweg04.o
                              0x88d23 (size before relaxing)
 .debug_str     0x0008960b      0x612 src/oled/ssd1306.o
                              0x8895b (size before relaxing)
 .debug_str     0x00089c1d     0x3ee1 src/oled/sysfont.o
                              0x86179 (size before relaxing)
 .debug_str     0x0008dafe       0x35 src/ASF/common/services/delay/sam/cycle_counter.o
                              0x820ad (size before relaxing)